Component: Arm Compiler for Embedded 6.19 Tool: armlink [5e73cb00]

==============================================================================

Section Cross References

    main.o(.ARM.exidx.text.myDelay) refers to main.o(.text.myDelay) for [Anonymous Symbol]
    main.o(.text.PeriodicTask) refers to main.o(.text.myDelay) for myDelay
    main.o(.text.PeriodicTask) refers to main.o(.bss.PeriodicCounter) for PeriodicCounter
    main.o(.text.PeriodicTask) refers to tasks.o(.text.vTaskDelay) for vTaskDelay
    main.o(.ARM.exidx.text.PeriodicTask) refers to main.o(.text.PeriodicTask) for [Anonymous Symbol]
    main.o(.text.HandlerTask) refers to main.o(.bss.xSemaphore) for xSemaphore
    main.o(.text.HandlerTask) refers to queue.o(.text.xQueueSemaphoreTake) for xQueueSemaphoreTake
    main.o(.text.HandlerTask) refers to main.o(.bss.HandlerCounter) for HandlerCounter
    main.o(.ARM.exidx.text.HandlerTask) refers to main.o(.text.HandlerTask) for [Anonymous Symbol]
    main.o(.text.main) refers to main.o(.text.PeriodicTask) for PeriodicTask
    main.o(.text.main) refers to main.o(.rodata.str1.1) for .L.str
    main.o(.text.main) refers to tasks.o(.text.xTaskCreate) for xTaskCreate
    main.o(.text.main) refers to main.o(.text.HandlerTask) for HandlerTask
    main.o(.text.main) refers to queue.o(.text.xQueueGenericCreate) for xQueueGenericCreate
    main.o(.text.main) refers to main.o(.bss.xSemaphore) for xSemaphore
    main.o(.text.main) refers to main.o(.text.prvSetupGPIOInterrupt) for prvSetupGPIOInterrupt
    main.o(.text.main) refers to tasks.o(.text.vTaskStartScheduler) for vTaskStartScheduler
    main.o(.ARM.exidx.text.main) refers to main.o(.text.main) for [Anonymous Symbol]
    main.o(.text.prvSetupGPIOInterrupt) refers to main.o(.text.__NVIC_SetPriority) for __NVIC_SetPriority
    main.o(.text.prvSetupGPIOInterrupt) refers to main.o(.text.__NVIC_EnableIRQ) for __NVIC_EnableIRQ
    main.o(.ARM.exidx.text.prvSetupGPIOInterrupt) refers to main.o(.text.prvSetupGPIOInterrupt) for [Anonymous Symbol]
    main.o(.text.GPIOF_Handler) refers to main.o(.bss.xSemaphore) for xSemaphore
    main.o(.text.GPIOF_Handler) refers to queue.o(.text.xQueueGiveFromISR) for xQueueGiveFromISR
    main.o(.ARM.exidx.text.GPIOF_Handler) refers to main.o(.text.GPIOF_Handler) for [Anonymous Symbol]
    main.o(.ARM.exidx.text.__NVIC_SetPriority) refers to main.o(.text.__NVIC_SetPriority) for [Anonymous Symbol]
    main.o(.ARM.exidx.text.__NVIC_EnableIRQ) refers to main.o(.text.__NVIC_EnableIRQ) for [Anonymous Symbol]
    basic_io.o(.text.vPrintString) refers to tasks.o(.text.vTaskSuspendAll) for vTaskSuspendAll
    basic_io.o(.text.vPrintString) refers to basic_io.o(.bss.cBuffer) for cBuffer
    basic_io.o(.text.vPrintString) refers to basic_io.o(.rodata.str1.1) for .L.str
    basic_io.o(.text.vPrintString) refers to sprintf.o(.text) for sprintf
    basic_io.o(.text.vPrintString) refers to consoleprint.o(.text.consoleprint) for consoleprint
    basic_io.o(.text.vPrintString) refers to tasks.o(.text.xTaskResumeAll) for xTaskResumeAll
    basic_io.o(.ARM.exidx.text.vPrintString) refers to basic_io.o(.text.vPrintString) for [Anonymous Symbol]
    basic_io.o(.text.vPrintStringAndNumber) refers to tasks.o(.text.vTaskSuspendAll) for vTaskSuspendAll
    basic_io.o(.text.vPrintStringAndNumber) refers to basic_io.o(.bss.cBuffer) for cBuffer
    basic_io.o(.text.vPrintStringAndNumber) refers to basic_io.o(.rodata.str1.1) for .L.str.1
    basic_io.o(.text.vPrintStringAndNumber) refers to sprintf.o(.text) for sprintf
    basic_io.o(.text.vPrintStringAndNumber) refers to consoleprint.o(.text.consoleprint) for consoleprint
    basic_io.o(.text.vPrintStringAndNumber) refers to tasks.o(.text.xTaskResumeAll) for xTaskResumeAll
    basic_io.o(.ARM.exidx.text.vPrintStringAndNumber) refers to basic_io.o(.text.vPrintStringAndNumber) for [Anonymous Symbol]
    basic_io.o(.text.vPrintStringAndNumbers) refers to tasks.o(.text.vTaskSuspendAll) for vTaskSuspendAll
    basic_io.o(.text.vPrintStringAndNumbers) refers to basic_io.o(.bss.cBuffer) for cBuffer
    basic_io.o(.text.vPrintStringAndNumbers) refers to basic_io.o(.rodata.str1.1) for .L.str.2
    basic_io.o(.text.vPrintStringAndNumbers) refers to sprintf.o(.text) for sprintf
    basic_io.o(.text.vPrintStringAndNumbers) refers to consoleprint.o(.text.consoleprint) for consoleprint
    basic_io.o(.text.vPrintStringAndNumbers) refers to tasks.o(.text.xTaskResumeAll) for xTaskResumeAll
    basic_io.o(.ARM.exidx.text.vPrintStringAndNumbers) refers to basic_io.o(.text.vPrintStringAndNumbers) for [Anonymous Symbol]
    consoleprint.o(.text.consoleprint) refers to strlen.o(.text) for strlen
    consoleprint.o(.text.consoleprint) refers to retarget.o(.text.__write) for __write
    consoleprint.o(.ARM.exidx.text.consoleprint) refers to consoleprint.o(.text.consoleprint) for [Anonymous Symbol]
    retarget.o(.text.__write) refers to retarget.o(.text.ITM_SendChar) for ITM_SendChar
[...]
    .ARM.Collect$$libshutdown$$0000000F      0x000002ea   Section        0  libshutdown2.o(.ARM.Collect$$libshutdown$$0000000F)
    .ARM.Collect$$libshutdown$$00000010      0x000002ea   Section        2  libshutdown2.o(.ARM.Collect$$libshutdown$$00000010)
    .ARM.Collect$$rtentry$$00000000          0x000002ec   Section        0  __rtentry.o(.ARM.Collect$$rtentry$$00000000)
    .ARM.Collect$$rtentry$$00000002          0x000002ec   Section        0  __rtentry2.o(.ARM.Collect$$rtentry$$00000002)
    .ARM.Collect$$rtentry$$00000004          0x000002ec   Section        6  __rtentry4.o(.ARM.Collect$$rtentry$$00000004)
    .ARM.Collect$$rtentry$$00000008          0x000002f2   Section        8  __rtentry2.o(.ARM.Collect$$rtentry$$00000008)
    .ARM.Collect$$rtentry$$0000000A          0x000002fa   Section        4  __rtentry2.o(.ARM.Collect$$rtentry$$0000000A)
    .ARM.Collect$$rtentry$$0000000C          0x000002fe   Section        0  __rtentry2.o(.ARM.Collect$$rtentry$$0000000C)
    .ARM.Collect$$rtentry$$0000000D          0x000002fe   Section        8  __rtentry2.o(.ARM.Collect$$rtentry$$0000000D)
    .ARM.Collect$$rtexit$$00000000           0x00000306   Section        2  rtexit.o(.ARM.Collect$$rtexit$$00000000)
    .ARM.Collect$$rtexit$$00000002           0x00000308   Section        0  rtexit2.o(.ARM.Collect$$rtexit$$00000002)
    .ARM.Collect$$rtexit$$00000003           0x00000308   Section        4  rtexit2.o(.ARM.Collect$$rtexit$$00000003)
    .ARM.Collect$$rtexit$$00000004           0x0000030c   Section        6  rtexit2.o(.ARM.Collect$$rtexit$$00000004)
    $v0                                      0x00000314   Number         0  startup_tm4c123.o(.text)
    .text                                    0x00000314   Section      276  startup_tm4c123.o(.text)
    .text                                    0x00000428   Section      138  rt_memcpy_v6.o(.text)
    .text                                    0x000004b2   Section       16  aeabi_memset4.o(.text)
    .text                                    0x000004c2   Section       68  rt_memclr.o(.text)
    .text                                    0x00000506   Section        0  heapauxi.o(.text)
    .text                                    0x0000050c   Section      100  rt_memcpy_w.o(.text)
    .text                                    0x00000570   Section       78  rt_memclr_w.o(.text)
    .text                                    0x000005be   Section       74  sys_stackheap_outer.o(.text)
    .text                                    0x00000608   Section        0  exit.o(.text)
    .text                                    0x0000061c   Section        8  libspace.o(.text)
    [Anonymous Symbol]                       0x00000624   Section        0  clib_os.o(.text.$Sub$$_fp_init)
    [Anonymous Symbol]                       0x0000063c   Section        0  main.o(.text.GPIOF_Handler)
    [Anonymous Symbol]                       0x00000688   Section        0  main.o(.text.HandlerTask)
    [Anonymous Symbol]                       0x000006b4   Section        0  port.o(.text.PendSV_Handler)
    [Anonymous Symbol]                       0x00000714   Section        0  main.o(.text.PeriodicTask)
    [Anonymous Symbol]                       0x0000073c   Section        0  port.o(.text.SVC_Handler)
    [Anonymous Symbol]                       0x0000075c   Section        0  cmsis_os2.o(.text.SysTick_Handler)
    [Anonymous Symbol]                       0x0000077c   Section        0  system_tm4c123.o(.text.SystemInit)
    __NVIC_EnableIRQ                         0x00000889   Thumb Code    48  main.o(.text.__NVIC_EnableIRQ)
    [Anonymous Symbol]                       0x00000888   Section        0  main.o(.text.__NVIC_EnableIRQ)
    __NVIC_SetPriority                       0x000008b9   Thumb Code    66  main.o(.text.__NVIC_SetPriority)
    [Anonymous Symbol]                       0x000008b8   Section        0  main.o(.text.__NVIC_SetPriority)
    __tagsym$$used.1                         0x000008fc   Number         0  clib_os.o(.text._mutex_acquire)
    [Anonymous Symbol]                       0x000008fc   Section        0  clib_os.o(.text._mutex_acquire)
    __tagsym$$used.3                         0x00000924   Number         0  clib_os.o(.text._mutex_free)
    [Anonymous Symbol]                       0x00000924   Section        0  clib_os.o(.text._mutex_free)
    __tagsym$$used.0                         0x00000978   Number         0  clib_os.o(.text._mutex_initialize)
    [Anonymous Symbol]                       0x00000978   Section        0  clib_os.o(.text._mutex_initialize)
    __tagsym$$used.2                         0x00000a20   Number         0  clib_os.o(.text._mutex_release)
    [Anonymous Symbol]                       0x00000a20   Section        0  clib_os.o(.text._mutex_release)
    [Anonymous Symbol]                       0x00000a4c   Section        0  clib_os.o(.text._platform_post_stackheap_init)
    [Anonymous Symbol]                       0x00000a50   Section        0  retarget.o(.text._sys_exit)
    is_thread_mode                           0x00000a5d   Thumb Code    32  clib_os.o(.text.is_thread_mode)
    [Anonymous Symbol]                       0x00000a5c   Section        0  clib_os.o(.text.is_thread_mode)
    [Anonymous Symbol]                       0x00000a7c   Section        0  main.o(.text.main)
    [Anonymous Symbol]                       0x00000aec   Section        0  main.o(.text.myDelay)
    os_kernel_is_active                      0x00000b0d   Thumb Code    32  clib_os.o(.text.os_kernel_is_active)
    [Anonymous Symbol]                       0x00000b0c   Section        0  clib_os.o(.text.os_kernel_is_active)
    prvAddCurrentTaskToDelayedList           0x00000b2d   Thumb Code   270  tasks.o(.text.prvAddCurrentTaskToDelayedList)
    [Anonymous Symbol]                       0x00000b2c   Section        0  tasks.o(.text.prvAddCurrentTaskToDelayedList)
    prvAddNewTaskToReadyList                 0x00000c3d   Thumb Code   368  tasks.o(.text.prvAddNewTaskToReadyList)
    [Anonymous Symbol]                       0x00000c3c   Section        0  tasks.o(.text.prvAddNewTaskToReadyList)
    prvCheckForValidListAndQueue             0x00000dad   Thumb Code   126  timers.o(.text.prvCheckForValidListAndQueue)
    [Anonymous Symbol]                       0x00000dac   Section        0  timers.o(.text.prvCheckForValidListAndQueue)
    prvCheckTasksWaitingTermination          0x00000e2d   Thumb Code    90  tasks.o(.text.prvCheckTasksWaitingTermination)
    [Anonymous Symbol]                       0x00000e2c   Section        0  tasks.o(.text.prvCheckTasksWaitingTermination)
    prvCopyDataFromQueue                     0x00000e89   Thumb Code    66  queue.o(.text.prvCopyDataFromQueue)
    [Anonymous Symbol]                       0x00000e88   Section        0  queue.o(.text.prvCopyDataFromQueue)
    prvCopyDataToQueue                       0x00000ecd   Thumb Code   204  queue.o(.text.prvCopyDataToQueue)
    [Anonymous Symbol]                       0x00000ecc   Section        0  queue.o(.text.prvCopyDataToQueue)
    prvCreateIdleTasks                       0x00000f99   Thumb Code   216  tasks.o(.text.prvCreateIdleTasks)
    [Anonymous Symbol]                       0x00000f98   Section        0  tasks.o(.text.prvCreateIdleTasks)
    prvCreateStaticTask                      0x00001071   Thumb Code   170  tasks.o(.text.prvCreateStaticTask)
    [Anonymous Symbol]                       0x00001070   Section        0  tasks.o(.text.prvCreateStaticTask)
    prvCreateTask                            0x0000111d   Thumb Code   142  tasks.o(.text.prvCreateTask)
    [Anonymous Symbol]                       0x0000111c   Section        0  tasks.o(.text.prvCreateTask)
    prvDeleteTCB                             0x000011ad   Thumb Code    80  tasks.o(.text.prvDeleteTCB)
    [Anonymous Symbol]                       0x000011ac   Section        0  tasks.o(.text.prvDeleteTCB)
    prvGetHighestPriorityOfWaitToReceiveList 0x000011fd   Thumb Code    38  queue.o(.text.prvGetHighestPriorityOfWaitToReceiveList)
    [Anonymous Symbol]                       0x000011fc   Section        0  queue.o(.text.prvGetHighestPriorityOfWaitToReceiveList)
    prvGetNextExpireTime                     0x00001225   Thumb Code    64  timers.o(.text.prvGetNextExpireTime)
    [Anonymous Symbol]                       0x00001224   Section        0  timers.o(.text.prvGetNextExpireTime)
    prvHeapInit                              0x00001265   Thumb Code   170  heap_4.o(.text.prvHeapInit)
    [Anonymous Symbol]                       0x00001264   Section        0  heap_4.o(.text.prvHeapInit)
    prvIdleTask                              0x00001311   Thumb Code    60  tasks.o(.text.prvIdleTask)
    [Anonymous Symbol]                       0x00001310   Section        0  tasks.o(.text.prvIdleTask)
    prvInitialiseMutex                       0x0000134d   Thumb Code    44  queue.o(.text.prvInitialiseMutex)
    [Anonymous Symbol]                       0x0000134c   Section        0  queue.o(.text.prvInitialiseMutex)
    prvInitialiseNewQueue                    0x00001379   Thumb Code    72  queue.o(.text.prvInitialiseNewQueue)
    [Anonymous Symbol]                       0x00001378   Section        0  queue.o(.text.prvInitialiseNewQueue)
    prvInitialiseNewTask                     0x000013c1   Thumb Code   264  tasks.o(.text.prvInitialiseNewTask)
    [Anonymous Symbol]                       0x000013c0   Section        0  tasks.o(.text.prvInitialiseNewTask)
    prvInitialiseTaskLists                   0x000014c9   Thumb Code   142  tasks.o(.text.prvInitialiseTaskLists)
    [Anonymous Symbol]                       0x000014c8   Section        0  tasks.o(.text.prvInitialiseTaskLists)
    prvInsertBlockIntoFreeList               0x00001559   Thumb Code   280  heap_4.o(.text.prvInsertBlockIntoFreeList)
    [Anonymous Symbol]                       0x00001558   Section        0  heap_4.o(.text.prvInsertBlockIntoFreeList)
    prvInsertTimerInActiveList               0x00001671   Thumb Code   134  timers.o(.text.prvInsertTimerInActiveList)
    [Anonymous Symbol]                       0x00001670   Section        0  timers.o(.text.prvInsertTimerInActiveList)
    prvIsQueueEmpty                          0x000016f9   Thumb Code    40  queue.o(.text.prvIsQueueEmpty)
    [Anonymous Symbol]                       0x000016f8   Section        0  queue.o(.text.prvIsQueueEmpty)
    prvIsQueueFull                           0x00001721   Thumb Code    46  queue.o(.text.prvIsQueueFull)
    [Anonymous Symbol]                       0x00001720   Section        0  queue.o(.text.prvIsQueueFull)
    prvPortStartFirstTask                    0x00001751   Thumb Code    40  port.o(.text.prvPortStartFirstTask)
    [Anonymous Symbol]                       0x00001750   Section        0  port.o(.text.prvPortStartFirstTask)
    prvProcessExpiredTimer                   0x00001779   Thumb Code    84  timers.o(.text.prvProcessExpiredTimer)
    [Anonymous Symbol]                       0x00001778   Section        0  timers.o(.text.prvProcessExpiredTimer)
    prvProcessReceivedCommands               0x000017cd   Thumb Code   378  timers.o(.text.prvProcessReceivedCommands)
    [Anonymous Symbol]                       0x000017cc   Section        0  timers.o(.text.prvProcessReceivedCommands)
    prvProcessTimerOrBlockTask               0x00001949   Thumb Code   154  timers.o(.text.prvProcessTimerOrBlockTask)
    [Anonymous Symbol]                       0x00001948   Section        0  timers.o(.text.prvProcessTimerOrBlockTask)
    prvReloadTimer                           0x000019e5   Thumb Code    52  timers.o(.text.prvReloadTimer)
    [Anonymous Symbol]                       0x000019e4   Section        0  timers.o(.text.prvReloadTimer)
    prvResetNextTaskUnblockTime              0x00001a19   Thumb Code    60  tasks.o(.text.prvResetNextTaskUnblockTime)
    [Anonymous Symbol]                       0x00001a18   Section        0  tasks.o(.text.prvResetNextTaskUnblockTime)
    prvSampleTimeNow                         0x00001a55   Thumb Code    68  timers.o(.text.prvSampleTimeNow)
    [Anonymous Symbol]                       0x00001a54   Section        0  timers.o(.text.prvSampleTimeNow)
    prvSetupGPIOInterrupt                    0x00001a99   Thumb Code   186  main.o(.text.prvSetupGPIOInterrupt)
    [Anonymous Symbol]                       0x00001a98   Section        0  main.o(.text.prvSetupGPIOInterrupt)
    prvSwitchTimerLists                      0x00001b55   Thumb Code    82  timers.o(.text.prvSwitchTimerLists)
    [Anonymous Symbol]                       0x00001b54   Section        0  timers.o(.text.prvSwitchTimerLists)
    prvTaskExitError                         0x00001ba9   Thumb Code    62  port.o(.text.prvTaskExitError)
    [Anonymous Symbol]                       0x00001ba8   Section        0  port.o(.text.prvTaskExitError)
    prvTimerTask                             0x00001be9   Thumb Code    30  timers.o(.text.prvTimerTask)
    [Anonymous Symbol]                       0x00001be8   Section        0  timers.o(.text.prvTimerTask)
    prvUnlockQueue                           0x00001c09   Thumb Code   174  queue.o(.text.prvUnlockQueue)
    [Anonymous Symbol]                       0x00001c08   Section        0  queue.o(.text.prvUnlockQueue)
    [Anonymous Symbol]                       0x00001cb8   Section        0  heap_4.o(.text.pvPortMalloc)
    [Anonymous Symbol]                       0x00001f70   Section        0  tasks.o(.text.pvTaskIncrementMutexHeldCount)
    [Anonymous Symbol]                       0x00001f94   Section        0  port.o(.text.pxPortInitialiseStack)
    [Anonymous Symbol]                       0x00001ff4   Section        0  list.o(.text.uxListRemove)
    [Anonymous Symbol]                       0x0000203c   Section        0  tasks.o(.text.uxTaskGetNumberOfTasks)
    [Anonymous Symbol]                       0x00002048   Section        0  tasks.o(.text.vApplicationGetIdleTaskMemory)
    [Anonymous Symbol]                       0x00002074   Section        0  tasks.o(.text.vApplicationGetTimerTaskMemory)
    [Anonymous Symbol]                       0x000020a0   Section        0  cmsis_os2.o(.text.vApplicationIdleHook)
    [Anonymous Symbol]                       0x000020a4   Section        0  cmsis_os2.o(.text.vApplicationStackOverflowHook)
    [Anonymous Symbol]                       0x000020b4   Section        0  list.o(.text.vListInitialise)
    [Anonymous Symbol]                       0x000020e4   Section        0  list.o(.text.vListInitialiseItem)
    [Anonymous Symbol]                       0x000020f4   Section        0  list.o(.text.vListInsert)
    vPortEnableVFP                           0x00002161   Thumb Code    20  port.o(.text.vPortEnableVFP)
    [Anonymous Symbol]                       0x00002160   Section        0  port.o(.text.vPortEnableVFP)
    [Anonymous Symbol]                       0x00002174   Section        0  port.o(.text.vPortEnterCritical)
    [Anonymous Symbol]                       0x000021bc   Section        0  port.o(.text.vPortExitCritical)
    [Anonymous Symbol]                       0x000021f8   Section        0  heap_4.o(.text.vPortFree)
    [Anonymous Symbol]                       0x000022d8   Section        0  port.o(.text.vPortSetupTimerInterrupt)
    [Anonymous Symbol]                       0x0000231c   Section        0  port.o(.text.vPortValidateInterruptPriority)
    [Anonymous Symbol]                       0x00002384   Section        0  queue.o(.text.vQueueDelete)
    [Anonymous Symbol]                       0x000023b4   Section        0  queue.o(.text.vQueueWaitForMessageRestricted)
    [Anonymous Symbol]                       0x00002418   Section        0  tasks.o(.text.vTaskDelay)
    [Anonymous Symbol]                       0x0000247c   Section        0  tasks.o(.text.vTaskInternalSetTimeOutState)
    [Anonymous Symbol]                       0x000024a0   Section        0  tasks.o(.text.vTaskMissedYield)
    [Anonymous Symbol]                       0x000024b0   Section        0  tasks.o(.text.vTaskPlaceOnEventList)
    [Anonymous Symbol]                       0x000024e4   Section        0  tasks.o(.text.vTaskPlaceOnEventListRestricted)
    [Anonymous Symbol]                       0x00002558   Section        0  tasks.o(.text.vTaskPriorityDisinheritAfterTimeout)
    [Anonymous Symbol]                       0x000026c0   Section        0  tasks.o(.text.vTaskStartScheduler)
    [Anonymous Symbol]                       0x00002744   Section        0  tasks.o(.text.vTaskSuspendAll)
    __tagsym$$used.0                         0x00002754   Number         0  tasks.o(.text.vTaskSwitchContext)
    [Anonymous Symbol]                       0x00002754   Section        0  tasks.o(.text.vTaskSwitchContext)
    [Anonymous Symbol]                       0x0000288c   Section        0  port.o(.text.xPortStartScheduler)
    [Anonymous Symbol]                       0x00002a38   Section        0  port.o(.text.xPortSysTickHandler)
    [Anonymous Symbol]                       0x00002a78   Section        0  queue.o(.text.xQueueCreateMutex)
    [Anonymous Symbol]                       0x00002aa0   Section        0  queue.o(.text.xQueueCreateMutexStatic)
    [Anonymous Symbol]                       0x00002ad4   Section        0  queue.o(.text.xQueueGenericCreate)
    [Anonymous Symbol]                       0x00002b68   Section        0  queue.o(.text.xQueueGenericCreateStatic)
    [Anonymous Symbol]                       0x00002c08   Section        0  queue.o(.text.xQueueGenericReset)
    [Anonymous Symbol]                       0x00002cf4   Section        0  queue.o(.text.xQueueGenericSend)
    [Anonymous Symbol]                       0x00002ee8   Section        0  queue.o(.text.xQueueGiveFromISR)
    [Anonymous Symbol]                       0x0000300c   Section        0  queue.o(.text.xQueueReceive)
    [Anonymous Symbol]                       0x000031c0   Section        0  queue.o(.text.xQueueSemaphoreTake)
    [Anonymous Symbol]                       0x000033a8   Section        0  tasks.o(.text.xTaskCheckForTimeOut)
    [Anonymous Symbol]                       0x00003488   Section        0  tasks.o(.text.xTaskCreate)
    [Anonymous Symbol]                       0x000034dc   Section        0  tasks.o(.text.xTaskCreateStatic)
    [Anonymous Symbol]                       0x00003538   Section        0  tasks.o(.text.xTaskGetSchedulerState)
    [Anonymous Symbol]                       0x00003570   Section        0  tasks.o(.text.xTaskGetTickCount)
    [Anonymous Symbol]                       0x00003584   Section        0  tasks.o(.text.xTaskIncrementTick)
    [Anonymous Symbol]                       0x000037fc   Section        0  tasks.o(.text.xTaskPriorityDisinherit)
    [Anonymous Symbol]                       0x0000391c   Section        0  tasks.o(.text.xTaskPriorityInherit)
    [Anonymous Symbol]                       0x00003a78   Section        0  tasks.o(.text.xTaskRemoveFromEventList)
    [Anonymous Symbol]                       0x00003c1c   Section        0  tasks.o(.text.xTaskResumeAll)
    [Anonymous Symbol]                       0x00003e64   Section        0  timers.o(.text.xTimerCreateTimerTask)
    $v0                                      0x00003eea   Number         0  fpinit.o(x$fpl$fpinit)
    x$fpl$fpinit                             0x00003eea   Section       26  fpinit.o(x$fpl$fpinit)
    .L.str                                   0x00003f04   Data          14  main.o(.rodata.str1.1)
    [Anonymous Symbol]                       0x00003f04   Section        0  main.o(.rodata.str1.1)
    .L.str.1                                 0x00003f12   Data          13  main.o(.rodata.str1.1)
    .L.str                                   0x00003f1f   Data           5  tasks.o(.rodata.str1.1)
    [Anonymous Symbol]                       0x00003f1f   Section        0  tasks.o(.rodata.str1.1)
    .L.str                                   0x00003f24   Data           8  timers.o(.rodata.str1.1)
    [Anonymous Symbol]                       0x00003f24   Section        0  timers.o(.rodata.str1.1)
    uxTopUsedPriority                        0x00003f2c   Data           4  tasks.o(.rodata.uxTopUsedPriority)
    [Anonymous Symbol]                       0x00003f2c   Section        0  tasks.o(.rodata.uxTopUsedPriority)
    uxCriticalNesting                        0x20000004   Data           4  port.o(.data.uxCriticalNesting)
    [Anonymous Symbol]                       0x20000004   Section        0  port.o(.data.uxCriticalNesting)
    .bss                                     0x20000008   Section       96  libspace.o(.bss)
    clib_mutex_cb                            0x20000070   Data         400  clib_os.o(.bss.clib_mutex_cb)
    [Anonymous Symbol]                       0x20000070   Section        0  clib_os.o(.bss.clib_mutex_cb)
    clib_mutex_id                            0x20000200   Data          20  clib_os.o(.bss.clib_mutex_id)
    [Anonymous Symbol]                       0x20000200   Section        0  clib_os.o(.bss.clib_mutex_id)
    prvCheckForValidListAndQueue.ucStaticTimerQueueStorage 0x20000214   Data          80  timers.o(.bss.prvCheckForValidListAndQueue.ucStaticTimerQueueStorage)
    [Anonymous Symbol]                       0x20000214   Section        0  timers.o(.bss.prvCheckForValidListAndQueue.ucStaticTimerQueueStorage)
    prvCheckForValidListAndQueue.xStaticTimerQueue 0x20000264   Data          80  timers.o(.bss.prvCheckForValidListAndQueue.xStaticTimerQueue)
    [Anonymous Symbol]                       0x20000264   Section        0  timers.o(.bss.prvCheckForValidListAndQueue.xStaticTimerQueue)
    prvSampleTimeNow.xLastTime               0x200002b4   Data           4  timers.o(.bss.prvSampleTimeNow.xLastTime)
    [Anonymous Symbol]                       0x200002b4   Section        0  timers.o(.bss.prvSampleTimeNow.xLastTime)
    __tagsym$$used.1                         0x200002b8   Number         0  tasks.o(.bss.pxCurrentTCB)
    pxCurrentTimerList                       0x200002bc   Data           4  timers.o(.bss.pxCurrentTimerList)
    [Anonymous Symbol]                       0x200002bc   Section        0  timers.o(.bss.pxCurrentTimerList)
    pxDelayedTaskList                        0x200002c0   Data           4  tasks.o(.bss.pxDelayedTaskList)
    [Anonymous Symbol]                       0x200002c0   Section        0  tasks.o(.bss.pxDelayedTaskList)
    pxEnd                                    0x200002c4   Data           4  heap_4.o(.bss.pxEnd)
    [Anonymous Symbol]                       0x200002c4   Section        0  heap_4.o(.bss.pxEnd)
    pxOverflowDelayedTaskList                0x200002c8   Data           4  tasks.o(.bss.pxOverflowDelayedTaskList)
    [Anonymous Symbol]                       0x200002c8   Section        0  tasks.o(.bss.pxOverflowDelayedTaskList)
    pxOverflowTimerList                      0x200002cc   Data           4  timers.o(.bss.pxOverflowTimerList)
    [Anonymous Symbol]                       0x200002cc   Section        0  timers.o(.bss.pxOverflowTimerList)
    pxReadyTasksLists                        0x200002d0   Data        1120  tasks.o(.bss.pxReadyTasksLists)
    [Anonymous Symbol]                       0x200002d0   Section        0  tasks.o(.bss.pxReadyTasksLists)
    ucHeap                                   0x20000730   Data        8192  heap_4.o(.bss.ucHeap)
    [Anonymous Symbol]                       0x20000730   Section        0  heap_4.o(.bss.ucHeap)
    ucMaxSysCallPriority                     0x20002730   Data           1  port.o(.bss.ucMaxSysCallPriority)
    [Anonymous Symbol]                       0x20002730   Section        0  port.o(.bss.ucMaxSysCallPriority)
    ulMaxPRIGROUPValue                       0x20002734   Data           4  port.o(.bss.ulMaxPRIGROUPValue)
    [Anonymous Symbol]                       0x20002734   Section        0  port.o(.bss.ulMaxPRIGROUPValue)
    uxCurrentNumberOfTasks                   0x20002738   Data           4  tasks.o(.bss.uxCurrentNumberOfTasks)
    [Anonymous Symbol]                       0x20002738   Section        0  tasks.o(.bss.uxCurrentNumberOfTasks)
    uxDeletedTasksWaitingCleanUp             0x2000273c   Data           4  tasks.o(.bss.uxDeletedTasksWaitingCleanUp)
    [Anonymous Symbol]                       0x2000273c   Section        0  tasks.o(.bss.uxDeletedTasksWaitingCleanUp)
    uxSchedulerSuspended                     0x20002740   Data           4  tasks.o(.bss.uxSchedulerSuspended)
    [Anonymous Symbol]                       0x20002740   Section        0  tasks.o(.bss.uxSchedulerSuspended)
    uxTaskNumber                             0x20002744   Data           4  tasks.o(.bss.uxTaskNumber)
    [Anonymous Symbol]                       0x20002744   Section        0  tasks.o(.bss.uxTaskNumber)
    uxTopReadyPriority                       0x20002748   Data           4  tasks.o(.bss.uxTopReadyPriority)
    [Anonymous Symbol]                       0x20002748   Section        0  tasks.o(.bss.uxTopReadyPriority)
    vApplicationGetIdleTaskMemory.uxIdleTaskStack 0x2000274c   Data         512  tasks.o(.bss.vApplicationGetIdleTaskMemory.uxIdleTaskStack)
    [Anonymous Symbol]                       0x2000274c   Section        0  tasks.o(.bss.vApplicationGetIdleTaskMemory.uxIdleTaskStack)
    vApplicationGetIdleTaskMemory.xIdleTaskTCB 0x2000294c   Data          92  tasks.o(.bss.vApplicationGetIdleTaskMemory.xIdleTaskTCB)
    [Anonymous Symbol]                       0x2000294c   Section        0  tasks.o(.bss.vApplicationGetIdleTaskMemory.xIdleTaskTCB)
    vApplicationGetTimerTaskMemory.uxTimerTaskStack 0x200029a8   Data         512  tasks.o(.bss.vApplicationGetTimerTaskMemory.uxTimerTaskStack)
    [Anonymous Symbol]                       0x200029a8   Section        0  tasks.o(.bss.vApplicationGetTimerTaskMemory.uxTimerTaskStack)
    vApplicationGetTimerTaskMemory.xTimerTaskTCB 0x20002ba8   Data          92  tasks.o(.bss.vApplicationGetTimerTaskMemory.xTimerTaskTCB)
    [Anonymous Symbol]                       0x20002ba8   Section        0  tasks.o(.bss.vApplicationGetTimerTaskMemory.xTimerTaskTCB)
    xActiveTimerList1                        0x20002c04   Data          20  timers.o(.bss.xActiveTimerList1)
    [Anonymous Symbol]                       0x20002c04   Section        0  timers.o(.bss.xActiveTimerList1)
    xActiveTimerList2                        0x20002c18   Data          20  timers.o(.bss.xActiveTimerList2)
    [Anonymous Symbol]                       0x20002c18   Section        0  timers.o(.bss.xActiveTimerList2)
    xDelayedTaskList1                        0x20002c2c   Data          20  tasks.o(.bss.xDelayedTaskList1)
    [Anonymous Symbol]                       0x20002c2c   Section        0  tasks.o(.bss.xDelayedTaskList1)
    xDelayedTaskList2                        0x20002c40   Data          20  tasks.o(.bss.xDelayedTaskList2)
    [Anonymous Symbol]                       0x20002c40   Section        0  tasks.o(.bss.xDelayedTaskList2)
    xFreeBytesRemaining                      0x20002c54   Data           4  heap_4.o(.bss.xFreeBytesRemaining)
    [Anonymous Symbol]                       0x20002c54   Section        0  heap_4.o(.bss.xFreeBytesRemaining)
    xIdleTaskHandles                         0x20002c58   Data           4  tasks.o(.bss.xIdleTaskHandles)
    [Anonymous Symbol]                       0x20002c58   Section        0  tasks.o(.bss.xIdleTaskHandles)
    xMinimumEverFreeBytesRemaining           0x20002c5c   Data           4  heap_4.o(.bss.xMinimumEverFreeBytesRemaining)
    [Anonymous Symbol]                       0x20002c5c   Section        0  heap_4.o(.bss.xMinimumEverFreeBytesRemaining)
    xNextTaskUnblockTime                     0x20002c60   Data           4  tasks.o(.bss.xNextTaskUnblockTime)
    [Anonymous Symbol]                       0x20002c60   Section        0  tasks.o(.bss.xNextTaskUnblockTime)
    xNumOfOverflows                          0x20002c64   Data           4  tasks.o(.bss.xNumOfOverflows)
    [Anonymous Symbol]                       0x20002c64   Section        0  tasks.o(.bss.xNumOfOverflows)
    xNumberOfSuccessfulAllocations           0x20002c68   Data           4  heap_4.o(.bss.xNumberOfSuccessfulAllocations)
    [Anonymous Symbol]                       0x20002c68   Section        0  heap_4.o(.bss.xNumberOfSuccessfulAllocations)
    xNumberOfSuccessfulFrees                 0x20002c6c   Data           4  heap_4.o(.bss.xNumberOfSuccessfulFrees)
    [Anonymous Symbol]                       0x20002c6c   Section        0  heap_4.o(.bss.xNumberOfSuccessfulFrees)
    xPendedTicks                             0x20002c70   Data           4  tasks.o(.bss.xPendedTicks)
    [Anonymous Symbol]                       0x20002c70   Section        0  tasks.o(.bss.xPendedTicks)
    xPendingReadyList                        0x20002c74   Data          20  tasks.o(.bss.xPendingReadyList)
    [Anonymous Symbol]                       0x20002c74   Section        0  tasks.o(.bss.xPendingReadyList)
    xSchedulerRunning                        0x20002c88   Data           4  tasks.o(.bss.xSchedulerRunning)
    [Anonymous Symbol]                       0x20002c88   Section        0  tasks.o(.bss.xSchedulerRunning)
    xStart                                   0x20002c90   Data           8  heap_4.o(.bss.xStart)
    [Anonymous Symbol]                       0x20002c90   Section        0  heap_4.o(.bss.xStart)
    xSuspendedTaskList                       0x20002c98   Data          20  tasks.o(.bss.xSuspendedTaskList)
    [Anonymous Symbol]                       0x20002c98   Section        0  tasks.o(.bss.xSuspendedTaskList)
    xTasksWaitingTermination                 0x20002cac   Data          20  tasks.o(.bss.xTasksWaitingTermination)
    [Anonymous Symbol]                       0x20002cac   Section        0  tasks.o(.bss.xTasksWaitingTermination)
    xTickCount                               0x20002cc0   Data           4  tasks.o(.bss.xTickCount)
    [Anonymous Symbol]                       0x20002cc0   Section        0  tasks.o(.bss.xTickCount)
    xTimerQueue                              0x20002cc4   Data           4  timers.o(.bss.xTimerQueue)
    [Anonymous Symbol]                       0x20002cc4   Section        0  timers.o(.bss.xTimerQueue)
    xTimerTaskHandle                         0x20002cc8   Data           4  timers.o(.bss.xTimerTaskHandle)
    [Anonymous Symbol]                       0x20002cc8   Section        0  timers.o(.bss.xTimerTaskHandle)
    xYieldPendings                           0x20002ccc   Data           4  tasks.o(.bss.xYieldPendings)
    [Anonymous Symbol]                       0x20002ccc   Section        0  tasks.o(.bss.xYieldPendings)
    Heap_Mem                                 0x20002cd0   Data           0  startup_tm4c123.o(HEAP)
    Stack_Mem                                0x20002cd0   Data         512  startup_tm4c123.o(STACK)
    HEAP                                     0x20002cd0   Section        0  startup_tm4c123.o(HEAP)
    STACK                                    0x20002cd0   Section      512  startup_tm4c123.o(STACK)
    __initial_sp                             0x20002ed0   Data           0  startup_tm4c123.o(STACK)

    Global Symbols

    Symbol Name                              Value     Ov Type        Size  Object(Section)

    BuildAttributes$$THM_ISAv4$E$P$D$K$B$S$7EM$VFPi3$EXTD16$VFPS$VFMA$PE$A:L22UL41UL21$X:L11$S22US41US21$IEEE1$IW$~IW$USESV6$~STKCKD$USESV7$~SHL$OTIME$ROPI$IEEEJ$EBA8$UX$STANDARDLIB$REQ8$PRES8$EABIv2 0x00000000   Number         0  anon$$obj.o ABSOLUTE
    __Vectors                                0x00000000   Data           4  startup_tm4c123.o(RESET)
    _printf_flags                            0x00000000   Number         0  printf_stubs.o ABSOLUTE
    _printf_return_value                     0x00000000   Number         0  printf_stubs.o ABSOLUTE
    _printf_sizespec                         0x00000000   Number         0  printf_stubs.o ABSOLUTE
    _printf_widthprec                        0x00000000   Number         0  printf_stubs.o ABSOLUTE
    __ARM_exceptions_init                     - Undefined Weak Reference
    __alloca_initialize                       - Undefined Weak Reference
    __arm_preinit_                            - Undefined Weak Reference
    __arm_relocate_pie_                       - Undefined Weak Reference
    __cpp_initialize__aeabi_                  - Undefined Weak Reference
    __cxa_finalize                            - Undefined Weak Reference
    __sigvec_lookup                           - Undefined Weak Reference
    _atexit_init                              - Undefined Weak Reference
    _call_atexit_fns                          - Undefined Weak Reference
    _clock_init                               - Undefined Weak Reference
    _fp_trap_init                             - Undefined Weak Reference
    _fp_trap_shutdown                         - Undefined Weak Reference
    _get_lc_collate                           - Undefined Weak Reference
    _get_lc_monetary                          - Undefined Weak Reference
    _get_lc_time                              - Undefined Weak Reference
    _getenv_init                              - Undefined Weak Reference
    _handle_redirection                       - Undefined Weak Reference
    _init_alloc                               - Undefined Weak Reference
    _init_user_alloc                          - Undefined Weak Reference
    _initio                                   - Undefined Weak Reference
    _printf_mbtowc                            - Undefined Weak Reference
    _printf_wc                                - Undefined Weak Reference
    _rand_init                                - Undefined Weak Reference
    _signal_finish                            - Undefined Weak Reference
    _signal_init                              - Undefined Weak Reference
    _terminate_alloc                          - Undefined Weak Reference
    _terminate_user_alloc                     - Undefined Weak Reference
    _terminateio                              - Undefined Weak Reference
    __Vectors_End                            0x0000026c   Data           0  startup_tm4c123.o(RESET)
    __Vectors_Size                           0x0000026c   Number         0  startup_tm4c123.o ABSOLUTE
    __main                                   0x0000026d   Thumb Code     8  __main.o(!!!main)
    __scatterload                            0x00000275   Thumb Code     0  __scatter.o(!!!scatter)
    __scatterload_rt2                        0x00000275   Thumb Code    44  __scatter.o(!!!scatter)
    __scatterload_rt2_thumb_only             0x00000275   Thumb Code     0  __scatter.o(!!!scatter)
    __scatterload_null                       0x00000283   Thumb Code     0  __scatter.o(!!!scatter)
    __scatterload_copy                       0x000002a9   Thumb Code    26  __scatter_copy.o(!!handler_copy)
    __scatterload_zeroinit                   0x000002c5   Thumb Code    28  __scatter_zi.o(!!handler_zi)
    __rt_lib_init                            0x000002e1   Thumb Code     0  libinit.o(.ARM.Collect$$libinit$$00000000)
    __rt_lib_init_fp_1                       0x000002e3   Thumb Code     0  libinit2.o(.ARM.Collect$$libinit$$00000001)
    __rt_lib_init_alloca_1                   0x000002e7   Thumb Code     0  libinit2.o(.ARM.Collect$$libinit$$00000030)
    __rt_lib_init_argv_1                     0x000002e7   Thumb Code     0  libinit2.o(.ARM.Collect$$libinit$$0000002E)
    __rt_lib_init_atexit_1                   0x000002e7   Thumb Code     0  libinit2.o(.ARM.Collect$$libinit$$0000001D)
    __rt_lib_init_clock_1                    0x000002e7   Thumb Code     0  libinit2.o(.ARM.Collect$$libinit$$00000023)
    __rt_lib_init_cpp_1                      0x000002e7   Thumb Code     0  libinit2.o(.ARM.Collect$$libinit$$00000034)
    __rt_lib_init_exceptions_1               0x000002e7   Thumb Code     0  libinit2.o(.ARM.Collect$$libinit$$00000032)
    __rt_lib_init_fp_trap_1                  0x000002e7   Thumb Code     0  libinit2.o(.ARM.Collect$$libinit$$00000021)
    __rt_lib_init_getenv_1                   0x000002e7   Thumb Code     0  libinit2.o(.ARM.Collect$$libinit$$00000025)
    __rt_lib_init_heap_1                     0x000002e7   Thumb Code     0  libinit2.o(.ARM.Collect$$libinit$$0000000C)
    __rt_lib_init_lc_collate_1               0x000002e7   Thumb Code     0  libinit2.o(.ARM.Collect$$libinit$$00000013)
    __rt_lib_init_lc_ctype_1                 0x000002e7   Thumb Code     0  libinit2.o(.ARM.Collect$$libinit$$00000015)
    __rt_lib_init_lc_monetary_1              0x000002e7   Thumb Code     0  libinit2.o(.ARM.Collect$$libinit$$00000017)
    __rt_lib_init_lc_numeric_1               0x000002e7   Thumb Code     0  libinit2.o(.ARM.Collect$$libinit$$00000019)
    __rt_lib_init_lc_time_1                  0x000002e7   Thumb Code     0  libinit2.o(.ARM.Collect$$libinit$$0000001B)
    __rt_lib_init_preinit_1                  0x000002e7   Thumb Code     0  libinit2.o(.ARM.Collect$$libinit$$00000006)
    __rt_lib_init_rand_1                     0x000002e7   Thumb Code     0  libinit2.o(.ARM.Collect$$libinit$$00000010)
    __rt_lib_init_relocate_pie_1             0x000002e7   Thumb Code     0  libinit2.o(.ARM.Collect$$libinit$$00000004)
    __rt_lib_init_return                     0x000002e7   Thumb Code     0  libinit2.o(.ARM.Collect$$libinit$$00000035)
    __rt_lib_init_signal_1                   0x000002e7   Thumb Code     0  libinit2.o(.ARM.Collect$$libinit$$0000001F)
    __rt_lib_init_stdio_1                    0x000002e7   Thumb Code     0  libinit2.o(.ARM.Collect$$libinit$$00000027)
    __rt_lib_init_user_alloc_1               0x000002e7   Thumb Code     0  libinit2.o(.ARM.Collect$$libinit$$0000000E)
    __rt_lib_shutdown                        0x000002e9   Thumb Code     0  libshutdown.o(.ARM.Collect$$libshutdown$$00000000)
    __rt_lib_shutdown_cpp_1                  0x000002eb   Thumb Code     0  libshutdown2.o(.ARM.Collect$$libshutdown$$00000002)
    __rt_lib_shutdown_fp_trap_1              0x000002eb   Thumb Code     0  libshutdown2.o(.ARM.Collect$$libshutdown$$00000007)
    __rt_lib_shutdown_heap_1                 0x000002eb   Thumb Code     0  libshutdown2.o(.ARM.Collect$$libshutdown$$0000000F)
    __rt_lib_shutdown_return                 0x000002eb   Thumb Code     0  libshutdown2.o(.ARM.Collect$$libshutdown$$00000010)
    __rt_lib_shutdown_signal_1               0x000002eb   Thumb Code     0  libshutdown2.o(.ARM.Collect$$libshutdown$$0000000A)
    __rt_lib_shutdown_stdio_1                0x000002eb   Thumb Code     0  libshutdown2.o(.ARM.Collect$$libshutdown$$00000004)
    __rt_lib_shutdown_user_alloc_1           0x000002eb   Thumb Code     0  libshutdown2.o(.ARM.Collect$$libshutdown$$0000000C)
    __rt_entry                               0x000002ed   Thumb Code     0  __rtentry.o(.ARM.Collect$$rtentry$$00000000)
    __rt_entry_presh_1                       0x000002ed   Thumb Code     0  __rtentry2.o(.ARM.Collect$$rtentry$$00000002)
    __rt_entry_sh                            0x000002ed   Thumb Code     0  __rtentry4.o(.ARM.Collect$$rtentry$$00000004)
    __rt_entry_postsh_1                      0x000002f3   Thumb Code     0  __rtentry2.o(.ARM.Collect$$rtentry$$00000008)
    __rt_entry_li                            0x000002fb   Thumb Code     0  __rtentry2.o(.ARM.Collect$$rtentry$$0000000A)
    __rt_entry_main                          0x000002ff   Thumb Code     0  __rtentry2.o(.ARM.Collect$$rtentry$$0000000D)
    __rt_entry_postli_1                      0x000002ff   Thumb Code     0  __rtentry2.o(.ARM.Collect$$rtentry$$0000000C)
    __rt_exit                                0x00000307   Thumb Code     0  rtexit.o(.ARM.Collect$$rtexit$$00000000)
    __rt_exit_ls                             0x00000309   Thumb Code     0  rtexit2.o(.ARM.Collect$$rtexit$$00000003)
    __rt_exit_prels_1                        0x00000309   Thumb Code     0  rtexit2.o(.ARM.Collect$$rtexit$$00000002)
    __rt_exit_exit                           0x0000030d   Thumb Code     0  rtexit2.o(.ARM.Collect$$rtexit$$00000004)
    Reset_Handler                            0x00000315   Thumb Code     8  startup_tm4c123.o(.text)
    NMI_Handler                              0x0000031d   Thumb Code     2  startup_tm4c123.o(.text)
    HardFault_Handler                        0x0000031f   Thumb Code     2  startup_tm4c123.o(.text)
    MemManage_Handler                        0x00000321   Thumb Code     2  startup_tm4c123.o(.text)
    BusFault_Handler                         0x00000323   Thumb Code     2  startup_tm4c123.o(.text)
    UsageFault_Handler                       0x00000325   Thumb Code     2  startup_tm4c123.o(.text)
    DebugMon_Handler                         0x00000329   Thumb Code     2  startup_tm4c123.o(.text)
    vSoftwareInterruptHandler                0x0000032f   Thumb Code     2  startup_tm4c123.o(.text)
    GPIOB_Handler                            0x00000331   Thumb Code     2  startup_tm4c123.o(.text)
    GPIOC_Handler                            0x00000333   Thumb Code     2  startup_tm4c123.o(.text)
    GPIOD_Handler                            0x00000335   Thumb Code     2  startup_tm4c123.o(.text)
    GPIOE_Handler                            0x00000337   Thumb Code     2  startup_tm4c123.o(.text)
    UART0_Handler                            0x00000339   Thumb Code     2  startup_tm4c123.o(.text)
    UART1_Handler                            0x0000033b   Thumb Code     2  startup_tm4c123.o(.text)
    SSI0_Handler                             0x0000033d   Thumb Code     2  startup_tm4c123.o(.text)
    I2C0_Handler                             0x0000033f   Thumb Code     2  startup_tm4c123.o(.text)
    PMW0_FAULT_Handler                       0x00000341   Thumb Code     2  startup_tm4c123.o(.text)
    PWM0_0_Handler                           0x00000343   Thumb Code     2  startup_tm4c123.o(.text)
    PWM0_1_Handler                           0x00000345   Thumb Code     2  startup_tm4c123.o(.text)
    PWM0_2_Handler                           0x00000347   Thumb Code     2  startup_tm4c123.o(.text)
    QEI0_Handler                             0x00000349   Thumb Code     2  startup_tm4c123.o(.text)
    ADC0SS0_Handler                          0x0000034b   Thumb Code     2  startup_tm4c123.o(.text)
    ADC0SS1_Handler                          0x0000034d   Thumb Code     2  startup_tm4c123.o(.text)
    ADC0SS2_Handler                          0x0000034f   Thumb Code     2  startup_tm4c123.o(.text)
    ADC0SS3_Handler                          0x00000351   Thumb Code     2  startup_tm4c123.o(.text)
    WDT0_Handler                             0x00000353   Thumb Code     2  startup_tm4c123.o(.text)
    TIMER0A_Handler                          0x00000355   Thumb Code     2  startup_tm4c123.o(.text)
    TIMER0B_Handler                          0x00000357   Thumb Code     2  startup_tm4c123.o(.text)
    TIMER1A_Handler                          0x00000359   Thumb Code     2  startup_tm4c123.o(.text)
    TIMER1B_Handler                          0x0000035b   Thumb Code     2  startup_tm4c123.o(.text)
    TIMER2A_Handler                          0x0000035d   Thumb Code     2  startup_tm4c123.o(.text)
    TIMER2B_Handler                          0x0000035f   Thumb Code     2  startup_tm4c123.o(.text)
    COMP0_Handler                            0x00000361   Thumb Code     2  startup_tm4c123.o(.text)
    COMP1_Handler                            0x00000363   Thumb Code     2  startup_tm4c123.o(.text)
    COMP2_Handler                            0x00000365   Thumb Code     2  startup_tm4c123.o(.text)
    SYSCTL_Handler                           0x00000367   Thumb Code     2  startup_tm4c123.o(.text)
    FLASH_Handler                            0x00000369   Thumb Code     2  startup_tm4c123.o(.text)
    GPIOG_Handler                            0x0000036d   Thumb Code     2  startup_tm4c123.o(.text)
    GPIOH_Handler                            0x0000036f   Thumb Code     2  startup_tm4c123.o(.text)
    UART2_Handler                            0x00000371   Thumb Code     2  startup_tm4c123.o(.text)
    SSI1_Handler                             0x00000373   Thumb Code     2  startup_tm4c123.o(.text)
    TIMER3A_Handler                          0x00000375   Thumb Code     2  startup_tm4c123.o(.text)
    TIMER3B_Handler                          0x00000377   Thumb Code     2  startup_tm4c123.o(.text)
    I2C1_Handler                             0x00000379   Thumb Code     2  startup_tm4c123.o(.text)
    QEI1_Handler                             0x0000037b   Thumb Code     2  startup_tm4c123.o(.text)
    CAN0_Handler                             0x0000037d   Thumb Code     2  startup_tm4c123.o(.text)
    CAN1_Handler                             0x0000037f   Thumb Code     2  startup_tm4c123.o(.text)
    CAN2_Handler                             0x00000381   Thumb Code     2  startup_tm4c123.o(.text)
    HIB_Handler                              0x00000383   Thumb Code     2  startup_tm4c123.o(.text)
    USB0_Handler                             0x00000385   Thumb Code     2  startup_tm4c123.o(.text)
    PWM0_3_Handler                           0x00000387   Thumb Code     2  startup_tm4c123.o(.text)
    UDMA_Handler                             0x00000389   Thumb Code     2  startup_tm4c123.o(.text)
    UDMAERR_Handler                          0x0000038b   Thumb Code     2  startup_tm4c123.o(.text)
    ADC1SS0_Handler                          0x0000038d   Thumb Code     2  startup_tm4c123.o(.text)
    ADC1SS1_Handler                          0x0000038f   Thumb Code     2  startup_tm4c123.o(.text)
    ADC1SS2_Handler                          0x00000391   Thumb Code     2  startup_tm4c123.o(.text)
    ADC1SS3_Handler                          0x00000393   Thumb Code     2  startup_tm4c123.o(.text)
    GPIOJ_Handler                            0x00000395   Thumb Code     2  startup_tm4c123.o(.text)
    GPIOK_Handler                            0x00000397   Thumb Code     2  startup_tm4c123.o(.text)
    GPIOL_Handler                            0x00000399   Thumb Code     2  startup_tm4c123.o(.text)
    SSI2_Handler                             0x0000039b   Thumb Code     2  startup_tm4c123.o(.text)
    SSI3_Handler                             0x0000039d   Thumb Code     2  startup_tm4c123.o(.text)
    UART3_Handler                            0x0000039f   Thumb Code     2  startup_tm4c123.o(.text)
    UART4_Handler                            0x000003a1   Thumb Code     2  startup_tm4c123.o(.text)
    UART5_Handler                            0x000003a3   Thumb Code     2  startup_tm4c123.o(.text)
    UART6_Handler                            0x000003a5   Thumb Code     2  startup_tm4c123.o(.text)
    UART7_Handler                            0x000003a7   Thumb Code     2  startup_tm4c123.o(.text)
    I2C2_Handler                             0x000003a9   Thumb Code     2  startup_tm4c123.o(.text)
    I2C3_Handler                             0x000003ab   Thumb Code     2  startup_tm4c123.o(.text)
    TIMER4A_Handler                          0x000003ad   Thumb Code     2  startup_tm4c123.o(.text)
    TIMER4B_Handler                          0x000003af   Thumb Code     2  startup_tm4c123.o(.text)
    TIMER5A_Handler                          0x000003b1   Thumb Code     2  startup_tm4c123.o(.text)
    TIMER5B_Handler                          0x000003b3   Thumb Code     2  startup_tm4c123.o(.text)
    WTIMER0A_Handler                         0x000003b5   Thumb Code     2  startup_tm4c123.o(.text)
    WTIMER0B_Handler                         0x000003b7   Thumb Code     2  startup_tm4c123.o(.text)
    WTIMER1A_Handler                         0x000003b9   Thumb Code     2  startup_tm4c123.o(.text)
    WTIMER1B_Handler                         0x000003bb   Thumb Code     2  startup_tm4c123.o(.text)
    WTIMER2A_Handler                         0x000003bd   Thumb Code     2  startup_tm4c123.o(.text)
    WTIMER2B_Handler                         0x000003bf   Thumb Code     2  startup_tm4c123.o(.text)
    WTIMER3A_Handler                         0x000003c1   Thumb Code     2  startup_tm4c123.o(.text)
    WTIMER3B_Handler                         0x000003c3   Thumb Code     2  startup_tm4c123.o(.text)
    WTIMER4A_Handler                         0x000003c5   Thumb Code     2  startup_tm4c123.o(.text)
    WTIMER4B_Handler                         0x000003c7   Thumb Code     2  startup_tm4c123.o(.text)
    WTIMER5A_Handler                         0x000003c9   Thumb Code     2  startup_tm4c123.o(.text)
    WTIMER5B_Handler                         0x000003cb   Thumb Code     2  startup_tm4c123.o(.text)
    FPU_Handler                              0x000003cd   Thumb Code     2  startup_tm4c123.o(.text)
    I2C4_Handler                             0x000003cf   Thumb Code     2  startup_tm4c123.o(.text)
    I2C5_Handler                             0x000003d1   Thumb Code     2  startup_tm4c123.o(.text)
    GPIOM_Handler                            0x000003d3   Thumb Code     2  startup_tm4c123.o(.text)
    GPION_Handler                            0x000003d5   Thumb Code     2  startup_tm4c123.o(.text)
    QEI2_Handler                             0x000003d7   Thumb Code     2  startup_tm4c123.o(.text)
    GPIOP0_Handler                           0x000003d9   Thumb Code     2  startup_tm4c123.o(.text)
    GPIOP1_Handler                           0x000003db   Thumb Code     2  startup_tm4c123.o(.text)
    GPIOP2_Handler                           0x000003dd   Thumb Code     2  startup_tm4c123.o(.text)
    GPIOP3_Handler                           0x000003df   Thumb Code     2  startup_tm4c123.o(.text)
    GPIOP4_Handler                           0x000003e1   Thumb Code     2  startup_tm4c123.o(.text)
    GPIOP5_Handler                           0x000003e3   Thumb Code     2  startup_tm4c123.o(.text)
    GPIOP6_Handler                           0x000003e5   Thumb Code     2  startup_tm4c123.o(.text)
    GPIOP7_Handler                           0x000003e7   Thumb Code     2  startup_tm4c123.o(.text)
    GPIOQ0_Handler                           0x000003e9   Thumb Code     2  startup_tm4c123.o(.text)
    GPIOQ1_Handler                           0x000003eb   Thumb Code     2  startup_tm4c123.o(.text)
    GPIOQ2_Handler                           0x000003ed   Thumb Code     2  startup_tm4c123.o(.text)
    GPIOQ3_Handler                           0x000003ef   Thumb Code     2  startup_tm4c123.o(.text)
    GPIOQ4_Handler                           0x000003f1   Thumb Code     2  startup_tm4c123.o(.text)
    GPIOQ5_Handler                           0x000003f3   Thumb Code     2  startup_tm4c123.o(.text)
    GPIOQ6_Handler                           0x000003f5   Thumb Code     2  startup_tm4c123.o(.text)
    GPIOQ7_Handler                           0x000003f7   Thumb Code     2  startup_tm4c123.o(.text)
    GPIOR_Handler                            0x000003f9   Thumb Code     2  startup_tm4c123.o(.text)
    GPIOS_Handler                            0x000003fb   Thumb Code     2  startup_tm4c123.o(.text)
    PMW1_0_Handler                           0x000003fd   Thumb Code     2  startup_tm4c123.o(.text)
    PWM1_1_Handler                           0x000003ff   Thumb Code     2  startup_tm4c123.o(.text)
    PWM1_2_Handler                           0x00000401   Thumb Code     2  startup_tm4c123.o(.text)
    PWM1_3_Handler                           0x00000403   Thumb Code     2  startup_tm4c123.o(.text)
    PWM1_FAULT_Handler                       0x00000405   Thumb Code     2  startup_tm4c123.o(.text)
    __user_initial_stackheap                 0x00000409   Thumb Code     0  startup_tm4c123.o(.text)
    __aeabi_memcpy                           0x00000429   Thumb Code     0  rt_memcpy_v6.o(.text)
    __rt_memcpy                              0x00000429   Thumb Code   138  rt_memcpy_v6.o(.text)
    _memcpy_lastbytes                        0x0000048f   Thumb Code     0  rt_memcpy_v6.o(.text)
    __aeabi_memset4                          0x000004b3   Thumb Code    16  aeabi_memset4.o(.text)
    __aeabi_memset8                          0x000004b3   Thumb Code     0  aeabi_memset4.o(.text)
    __aeabi_memclr                           0x000004c3   Thumb Code     0  rt_memclr.o(.text)
    __rt_memclr                              0x000004c3   Thumb Code     0  rt_memclr.o(.text)
    _memset                                  0x000004c7   Thumb Code    64  rt_memclr.o(.text)
    __use_two_region_memory                  0x00000507   Thumb Code     2  heapauxi.o(.text)
    __rt_heap_escrow$2region                 0x00000509   Thumb Code     2  heapauxi.o(.text)
    __rt_heap_expand$2region                 0x0000050b   Thumb Code     2  heapauxi.o(.text)
    __aeabi_memcpy4                          0x0000050d   Thumb Code     0  rt_memcpy_w.o(.text)
    __aeabi_memcpy8                          0x0000050d   Thumb Code     0  rt_memcpy_w.o(.text)
    __rt_memcpy_w                            0x0000050d   Thumb Code   100  rt_memcpy_w.o(.text)
    _memcpy_lastbytes_aligned                0x00000555   Thumb Code     0  rt_memcpy_w.o(.text)
    __aeabi_memclr4                          0x00000571   Thumb Code     0  rt_memclr_w.o(.text)
    __aeabi_memclr8                          0x00000571   Thumb Code     0  rt_memclr_w.o(.text)
    __rt_memclr_w                            0x00000571   Thumb Code     0  rt_memclr_w.o(.text)
    _memset_w                                0x00000575   Thumb Code    74  rt_memclr_w.o(.text)
    __user_setup_stackheap                   0x000005bf   Thumb Code    74  sys_stackheap_outer.o(.text)
    exit                                     0x00000609   Thumb Code    18  exit.o(.text)
    __user_libspace                          0x0000061d   Thumb Code     8  libspace.o(.text)
    __user_perproc_libspace                  0x0000061d   Thumb Code     0  libspace.o(.text)
    _fp_init                                 0x00000625   Thumb Code    22  clib_os.o(.text.$Sub$$_fp_init)
    GPIOF_Handler                            0x0000063d   Thumb Code    76  main.o(.text.GPIOF_Handler)
    HandlerTask                              0x00000689   Thumb Code    42  main.o(.text.HandlerTask)
    PendSV_Handler                           0x000006b5   Thumb Code    96  port.o(.text.PendSV_Handler)
    PeriodicTask                             0x00000715   Thumb Code    38  main.o(.text.PeriodicTask)
    SVC_Handler                              0x0000073d   Thumb Code    32  port.o(.text.SVC_Handler)
    SysTick_Handler                          0x0000075d   Thumb Code    30  cmsis_os2.o(.text.SysTick_Handler)
    SystemInit                               0x0000077d   Thumb Code   268  system_tm4c123.o(.text.SystemInit)
    _mutex_acquire                           0x000008fd   Thumb Code    40  clib_os.o(.text._mutex_acquire)
    _mutex_free                              0x00000925   Thumb Code    84  clib_os.o(.text._mutex_free)
    _mutex_initialize                        0x00000979   Thumb Code   168  clib_os.o(.text._mutex_initialize)
    _mutex_release                           0x00000a21   Thumb Code    42  clib_os.o(.text._mutex_release)
    _platform_post_stackheap_init            0x00000a4d   Thumb Code     2  clib_os.o(.text._platform_post_stackheap_init)
    _sys_exit                                0x00000a51   Thumb Code    10  retarget.o(.text._sys_exit)
    main                                     0x00000a7d   Thumb Code   110  main.o(.text.main)
    myDelay                                  0x00000aed   Thumb Code    30  main.o(.text.myDelay)
    pvPortMalloc                             0x00001cb9   Thumb Code   696  heap_4.o(.text.pvPortMalloc)
    pvTaskIncrementMutexHeldCount            0x00001f71   Thumb Code    36  tasks.o(.text.pvTaskIncrementMutexHeldCount)
    pxPortInitialiseStack                    0x00001f95   Thumb Code    94  port.o(.text.pxPortInitialiseStack)
    uxListRemove                             0x00001ff5   Thumb Code    72  list.o(.text.uxListRemove)
    uxTaskGetNumberOfTasks                   0x0000203d   Thumb Code    12  tasks.o(.text.uxTaskGetNumberOfTasks)
    vApplicationGetIdleTaskMemory            0x00002049   Thumb Code    42  tasks.o(.text.vApplicationGetIdleTaskMemory)
    vApplicationGetTimerTaskMemory           0x00002075   Thumb Code    42  tasks.o(.text.vApplicationGetTimerTaskMemory)
    vApplicationIdleHook                     0x000020a1   Thumb Code     2  cmsis_os2.o(.text.vApplicationIdleHook)
    vApplicationStackOverflowHook            0x000020a5   Thumb Code    16  cmsis_os2.o(.text.vApplicationStackOverflowHook)
    vListInitialise                          0x000020b5   Thumb Code    46  list.o(.text.vListInitialise)
    vListInitialiseItem                      0x000020e5   Thumb Code    14  list.o(.text.vListInitialiseItem)
    vListInsert                              0x000020f5   Thumb Code   106  list.o(.text.vListInsert)
    vPortEnterCritical                       0x00002175   Thumb Code    72  port.o(.text.vPortEnterCritical)
    vPortExitCritical                        0x000021bd   Thumb Code    60  port.o(.text.vPortExitCritical)
    vPortFree                                0x000021f9   Thumb Code   222  heap_4.o(.text.vPortFree)
    vPortSetupTimerInterrupt                 0x000022d9   Thumb Code    68  port.o(.text.vPortSetupTimerInterrupt)
    vPortValidateInterruptPriority           0x0000231d   Thumb Code   104  port.o(.text.vPortValidateInterruptPriority)
    vQueueDelete                             0x00002385   Thumb Code    48  queue.o(.text.vQueueDelete)
    vQueueWaitForMessageRestricted           0x000023b5   Thumb Code   100  queue.o(.text.vQueueWaitForMessageRestricted)
    vTaskDelay                               0x00002419   Thumb Code    98  tasks.o(.text.vTaskDelay)
    vTaskInternalSetTimeOutState             0x0000247d   Thumb Code    36  tasks.o(.text.vTaskInternalSetTimeOutState)
    vTaskMissedYield                         0x000024a1   Thumb Code    14  tasks.o(.text.vTaskMissedYield)
    vTaskPlaceOnEventList                    0x000024b1   Thumb Code    52  tasks.o(.text.vTaskPlaceOnEventList)
    vTaskPlaceOnEventListRestricted          0x000024e5   Thumb Code   114  tasks.o(.text.vTaskPlaceOnEventListRestricted)
    vTaskPriorityDisinheritAfterTimeout      0x00002559   Thumb Code   358  tasks.o(.text.vTaskPriorityDisinheritAfterTimeout)
    vTaskStartScheduler                      0x000026c1   Thumb Code   130  tasks.o(.text.vTaskStartScheduler)
    vTaskSuspendAll                          0x00002745   Thumb Code    16  tasks.o(.text.vTaskSuspendAll)
    vTaskSwitchContext                       0x00002755   Thumb Code   312  tasks.o(.text.vTaskSwitchContext)
    xPortStartScheduler                      0x0000288d   Thumb Code   428  port.o(.text.xPortStartScheduler)
    xPortSysTickHandler                      0x00002a39   Thumb Code    62  port.o(.text.xPortSysTickHandler)
    xQueueCreateMutex                        0x00002a79   Thumb Code    38  queue.o(.text.xQueueCreateMutex)
    xQueueCreateMutexStatic                  0x00002aa1   Thumb Code    50  queue.o(.text.xQueueCreateMutexStatic)
    xQueueGenericCreate                      0x00002ad5   Thumb Code   148  queue.o(.text.xQueueGenericCreate)
    xQueueGenericCreateStatic                0x00002b69   Thumb Code   158  queue.o(.text.xQueueGenericCreateStatic)
    xQueueGenericReset                       0x00002c09   Thumb Code   236  queue.o(.text.xQueueGenericReset)
    xQueueGenericSend                        0x00002cf5   Thumb Code   500  queue.o(.text.xQueueGenericSend)
    xQueueGiveFromISR                        0x00002ee9   Thumb Code   292  queue.o(.text.xQueueGiveFromISR)
    xQueueReceive                            0x0000300d   Thumb Code   434  queue.o(.text.xQueueReceive)
    xQueueSemaphoreTake                      0x000031c1   Thumb Code   486  queue.o(.text.xQueueSemaphoreTake)
    xTaskCheckForTimeOut                     0x000033a9   Thumb Code   224  tasks.o(.text.xTaskCheckForTimeOut)
    xTaskCreate                              0x00003489   Thumb Code    82  tasks.o(.text.xTaskCreate)
    xTaskCreateStatic                        0x000034dd   Thumb Code    92  tasks.o(.text.xTaskCreateStatic)
    xTaskGetSchedulerState                   0x00003539   Thumb Code    56  tasks.o(.text.xTaskGetSchedulerState)
    xTaskGetTickCount                        0x00003571   Thumb Code    20  tasks.o(.text.xTaskGetTickCount)
    xTaskIncrementTick                       0x00003585   Thumb Code   630  tasks.o(.text.xTaskIncrementTick)
    xTaskPriorityDisinherit                  0x000037fd   Thumb Code   286  tasks.o(.text.xTaskPriorityDisinherit)
    xTaskPriorityInherit                     0x0000391d   Thumb Code   348  tasks.o(.text.xTaskPriorityInherit)
    xTaskRemoveFromEventList                 0x00003a79   Thumb Code   418  tasks.o(.text.xTaskRemoveFromEventList)
    xTaskResumeAll                           0x00003c1d   Thumb Code   584  tasks.o(.text.xTaskResumeAll)
    xTimerCreateTimerTask                    0x00003e65   Thumb Code   134  timers.o(.text.xTimerCreateTimerTask)
    $Super$$_fp_init                         0x00003eeb   Thumb Code    26  fpinit.o(x$fpl$fpinit)
    __fplib_config_fpu_vfp                   0x00003f03   Thumb Code     0  fpinit.o(x$fpl$fpinit)
    __fplib_config_pureend_doubles           0x00003f03   Thumb Code     0  fpinit.o(x$fpl$fpinit)
    Region$$Table$$Base                      0x00003f30   Number         0  anon$$obj.o(Region$$Table)
    Region$$Table$$Limit                     0x00003f50   Number         0  anon$$obj.o(Region$$Table)
    SystemCoreClock                          0x20000000   Data           4  system_tm4c123.o(.data.SystemCoreClock)
    __libspace_start                         0x20000008   Data          96  libspace.o(.bss)
    HandlerCounter                           0x20000068   Data           4  main.o(.bss.HandlerCounter)
    __temporary_stack_top$libspace           0x20000068   Data           0  libspace.o(.bss)
    PeriodicCounter                          0x2000006c   Data           4  main.o(.bss.PeriodicCounter)
    pxCurrentTCB                             0x200002b8   Data           4  tasks.o(.bss.pxCurrentTCB)
    xSemaphore                               0x20002c8c   Data           4  main.o(.bss.xSemaphore)



==============================================================================

Memory Map of the image

  Image Entry point : 0x00000315

  Load Region LR_1 (Base: 0x00000000, Size: 0x00003f58, Max: 0xffffffff, ABSOLUTE)

    Execution Region ER_RO (Exec base: 0x00000000, Load base: 0x00000000, Size: 0x00003f50, Max: 0xffffffff, ABSOLUTE)

    Exec Addr    Load Addr    Size         Type   Attr      Idx    E Section Name        Object

    0x00000000   0x00000000   0x0000026c   Data   RO          289    RESET               startup_tm4c123.o
    0x0000026c   0x0000026c   0x00000008   Code   RO          801  * !!!main             c_w.l(__main.o)
    0x00000274   0x00000274   0x00000034   Code   RO         1138    !!!scatter          c_w.l(__scatter.o)
    0x000002a8   0x000002a8   0x0000001a   Code   RO         1140    !!handler_copy      c_w.l(__scatter_copy.o)
    0x000002c2   0x000002c2   0x00000002   PAD
    0x000002c4   0x000002c4   0x0000001c   Code   RO         1142    !!handler_zi        c_w.l(__scatter_zi.o)
    0x000002e0   0x000002e0   0x00000002   Code   RO          992    .ARM.Collect$$libinit$$00000000  c_w.l(libinit.o)
    0x000002e2   0x000002e2   0x00000004   Code   RO         1010    .ARM.Collect$$libinit$$00000001  c_w.l(libinit2.o)
    0x000002e6   0x000002e6   0x00000000   Code   RO         1013    .ARM.Collect$$libinit$$00000004  c_w.l(libinit2.o)
    0x000002e6   0x000002e6   0x00000000   Code   RO         1015    .ARM.Collect$$libinit$$00000006  c_w.l(libinit2.o)
    0x000002e6   0x000002e6   0x00000000   Code   RO         1018    .ARM.Collect$$libinit$$0000000C  c_w.l(libinit2.o)
    0x000002e6   0x000002e6   0x00000000   Code   RO         1020    .ARM.Collect$$libinit$$0000000E  c_w.l(libinit2.o)
    0x000002e6   0x000002e6   0x00000000   Code   RO         1022    .ARM.Collect$$libinit$$00000010  c_w.l(libinit2.o)
    0x000002e6   0x000002e6   0x00000000   Code   RO         1025    .ARM.Collect$$libinit$$00000013  c_w.l(libinit2.o)
    0x000002e6   0x000002e6   0x00000000   Code   RO         1027    .ARM.Collect$$libinit$$00000015  c_w.l(libinit2.o)
    0x000002e6   0x000002e6   0x00000000   Code   RO         1029    .ARM.Collect$$libinit$$00000017  c_w.l(libinit2.o)
    0x000002e6   0x000002e6   0x00000000   Code   RO         1031    .ARM.Collect$$libinit$$00000019  c_w.l(libinit2.o)
    0x000002e6   0x000002e6   0x00000000   Code   RO         1033    .ARM.Collect$$libinit$$0000001B  c_w.l(libinit2.o)
    0x000002e6   0x000002e6   0x00000000   Code   RO         1035    .ARM.Collect$$libinit$$0000001D  c_w.l(libinit2.o)
    0x000002e6   0x000002e6   0x00000000   Code   RO         1037    .ARM.Collect$$libinit$$0000001F  c_w.l(libinit2.o)
    0x000002e6   0x000002e6   0x00000000   Code   RO         1039    .ARM.Collect$$libinit$$00000021  c_w.l(libinit2.o)
    0x000002e6   0x000002e6   0x00000000   Code   RO         1041    .ARM.Collect$$libinit$$00000023  c_w.l(libinit2.o)
    0x000002e6   0x000002e6   0x00000000   Code   RO         1043    .ARM.Collect$$libinit$$00000025  c_w.l(libinit2.o)
    0x000002e6   0x000002e6   0x00000000   Code   RO         1045    .ARM.Collect$$libinit$$00000027  c_w.l(libinit2.o)
    0x000002e6   0x000002e6   0x00000000   Code   RO         1049    .ARM.Collect$$libinit$$0000002E  c_w.l(libinit2.o)
    0x000002e6   0x000002e6   0x00000000   Code   RO         1051    .ARM.Collect$$libinit$$00000030  c_w.l(libinit2.o)
    0x000002e6   0x000002e6   0x00000000   Code   RO         1053    .ARM.Collect$$libinit$$00000032  c_w.l(libinit2.o)
    0x000002e6   0x000002e6   0x00000000   Code   RO         1055    .ARM.Collect$$libinit$$00000034  c_w.l(libinit2.o)
    0x000002e6   0x000002e6   0x00000002   Code   RO         1056    .ARM.Collect$$libinit$$00000035  c_w.l(libinit2.o)
    0x000002e8   0x000002e8   0x00000002   Code   RO         1074    .ARM.Collect$$libshutdown$$00000000  c_w.l(libshutdown.o)
    0x000002ea   0x000002ea   0x00000000   Code   RO         1086    .ARM.Collect$$libshutdown$$00000002  c_w.l(libshutdown2.o)
    0x000002ea   0x000002ea   0x00000000   Code   RO         1088    .ARM.Collect$$libshutdown$$00000004  c_w.l(libshutdown2.o)
    0x000002ea   0x000002ea   0x00000000   Code   RO         1091    .ARM.Collect$$libshutdown$$00000007  c_w.l(libshutdown2.o)
    0x000002ea   0x000002ea   0x00000000   Code   RO         1094    .ARM.Collect$$libshutdown$$0000000A  c_w.l(libshutdown2.o)
    0x000002ea   0x000002ea   0x00000000   Code   RO         1096    .ARM.Collect$$libshutdown$$0000000C  c_w.l(libshutdown2.o)
    0x000002ea   0x000002ea   0x00000000   Code   RO         1099    .ARM.Collect$$libshutdown$$0000000F  c_w.l(libshutdown2.o)
    0x000002ea   0x000002ea   0x00000002   Code   RO         1100    .ARM.Collect$$libshutdown$$00000010  c_w.l(libshutdown2.o)
    0x000002ec   0x000002ec   0x00000000   Code   RO          805    .ARM.Collect$$rtentry$$00000000  c_w.l(__rtentry.o)
    0x000002ec   0x000002ec   0x00000000   Code   RO          910    .ARM.Collect$$rtentry$$00000002  c_w.l(__rtentry2.o)
    0x000002ec   0x000002ec   0x00000006   Code   RO          922    .ARM.Collect$$rtentry$$00000004  c_w.l(__rtentry4.o)
    0x000002f2   0x000002f2   0x00000008   Code   RO          911    .ARM.Collect$$rtentry$$00000008  c_w.l(__rtentry2.o)
    0x000002fa   0x000002fa   0x00000004   Code   RO          913    .ARM.Collect$$rtentry$$0000000A  c_w.l(__rtentry2.o)
    0x000002fe   0x000002fe   0x00000000   Code   RO          915    .ARM.Collect$$rtentry$$0000000C  c_w.l(__rtentry2.o)
    0x000002fe   0x000002fe   0x00000008   Code   RO          916    .ARM.Collect$$rtentry$$0000000D  c_w.l(__rtentry2.o)
    0x00000306   0x00000306   0x00000002   Code   RO         1001    .ARM.Collect$$rtexit$$00000000  c_w.l(rtexit.o)
    0x00000308   0x00000308   0x00000000   Code   RO         1058    .ARM.Collect$$rtexit$$00000002  c_w.l(rtexit2.o)
    0x00000308   0x00000308   0x00000004   Code   RO         1059    .ARM.Collect$$rtexit$$00000003  c_w.l(rtexit2.o)
    0x0000030c   0x0000030c   0x00000006   Code   RO         1060    .ARM.Collect$$rtexit$$00000004  c_w.l(rtexit2.o)
    0x00000312   0x00000312   0x00000002   PAD
    0x00000314   0x00000314   0x00000114   Code   RO          290  * .text               startup_tm4c123.o
    0x00000428   0x00000428   0x0000008a   Code   RO          793    .text               c_w.l(rt_memcpy_v6.o)
    0x000004b2   0x000004b2   0x00000010   Code   RO          795    .text               c_w.l(aeabi_memset4.o)
    0x000004c2   0x000004c2   0x00000044   Code   RO          797    .text               c_w.l(rt_memclr.o)
    0x00000506   0x00000506   0x00000006   Code   RO          799    .text               c_w.l(heapauxi.o)
    0x0000050c   0x0000050c   0x00000064   Code   RO          897    .text               c_w.l(rt_memcpy_w.o)
    0x00000570   0x00000570   0x0000004e   Code   RO          899    .text               c_w.l(rt_memclr_w.o)
    0x000005be   0x000005be   0x0000004a   Code   RO          944    .text               c_w.l(sys_stackheap_outer.o)
    0x00000608   0x00000608   0x00000012   Code   RO          987    .text               c_w.l(exit.o)
    0x0000061a   0x0000061a   0x00000002   PAD
    0x0000061c   0x0000061c   0x00000008   Code   RO          998    .text               c_w.l(libspace.o)
    0x00000624   0x00000624   0x00000016   Code   RO           68    .text.$Sub$$_fp_init  clib_os.o
    0x0000063a   0x0000063a   0x00000002   PAD
    0x0000063c   0x0000063c   0x0000004c   Code   RO           12    .text.GPIOF_Handler  main.o
    0x00000688   0x00000688   0x0000002a   Code   RO            6    .text.HandlerTask   main.o
    0x000006b2   0x000006b2   0x00000002   PAD
    0x000006b4   0x000006b4   0x00000060   Code   RO          376    .text.PendSV_Handler  port.o
    0x00000714   0x00000714   0x00000026   Code   RO            4    .text.PeriodicTask  main.o
    0x0000073a   0x0000073a   0x00000002   PAD
    0x0000073c   0x0000073c   0x00000020   Code   RO          372    .text.SVC_Handler   port.o
    0x0000075c   0x0000075c   0x0000001e   Code   RO           95    .text.SysTick_Handler  cmsis_os2.o
    0x0000077a   0x0000077a   0x00000002   PAD
    0x0000077c   0x0000077c   0x0000010c   Code   RO          301    .text.SystemInit    system_tm4c123.o
    0x00000888   0x00000888   0x00000030   Code   RO           16    .text.__NVIC_EnableIRQ  main.o
    0x000008b8   0x000008b8   0x00000042   Code   RO           14    .text.__NVIC_SetPriority  main.o
    0x000008fa   0x000008fa   0x00000002   PAD
    0x000008fc   0x000008fc   0x00000028   Code   RO           76    .text._mutex_acquire  clib_os.o
    0x00000924   0x00000924   0x00000054   Code   RO           82    .text._mutex_free   clib_os.o
    0x00000978   0x00000978   0x000000a8   Code   RO           74    .text._mutex_initialize  clib_os.o
    0x00000a20   0x00000a20   0x0000002a   Code   RO           80    .text._mutex_release  clib_os.o
    0x00000a4a   0x00000a4a   0x00000002   PAD
    0x00000a4c   0x00000a4c   0x00000002   Code   RO           66    .text._platform_post_stackheap_init  clib_os.o
    0x00000a4e   0x00000a4e   0x00000002   PAD
    0x00000a50   0x00000a50   0x0000000a   Code   RO           57    .text._sys_exit     retarget.o
    0x00000a5a   0x00000a5a   0x00000002   PAD
    0x00000a5c   0x00000a5c   0x00000020   Code   RO           78    .text.is_thread_mode  clib_os.o
    0x00000a7c   0x00000a7c   0x0000006e   Code   RO            8    .text.main          main.o
    0x00000aea   0x00000aea   0x00000002   PAD
    0x00000aec   0x00000aec   0x0000001e   Code   RO            2    .text.myDelay       main.o
    0x00000b0a   0x00000b0a   0x00000002   PAD
    0x00000b0c   0x00000b0c   0x00000020   Code   RO           72    .text.os_kernel_is_active  clib_os.o
    0x00000b2c   0x00000b2c   0x0000010e   Code   RO          547    .text.prvAddCurrentTaskToDelayedList  tasks.o
    0x00000c3a   0x00000c3a   0x00000002   PAD
    0x00000c3c   0x00000c3c   0x00000170   Code   RO          531    .text.prvAddNewTaskToReadyList  tasks.o
    0x00000dac   0x00000dac   0x0000007e   Code   RO          709    .text.prvCheckForValidListAndQueue  timers.o
    0x00000e2a   0x00000e2a   0x00000002   PAD
    0x00000e2c   0x00000e2c   0x0000005a   Code   RO          581    .text.prvCheckTasksWaitingTermination  tasks.o
    0x00000e86   0x00000e86   0x00000002   PAD
    0x00000e88   0x00000e88   0x00000042   Code   RO          484    .text.prvCopyDataFromQueue  queue.o
    0x00000eca   0x00000eca   0x00000002   PAD
    0x00000ecc   0x00000ecc   0x000000cc   Code   RO          472    .text.prvCopyDataToQueue  queue.o
    0x00000f98   0x00000f98   0x000000d8   Code   RO          577    .text.prvCreateIdleTasks  tasks.o
    0x00001070   0x00001070   0x000000aa   Code   RO          529    .text.prvCreateStaticTask  tasks.o
    0x0000111a   0x0000111a   0x00000002   PAD
    0x0000111c   0x0000111c   0x0000008e   Code   RO          535    .text.prvCreateTask  tasks.o
    0x000011aa   0x000011aa   0x00000002   PAD
    0x000011ac   0x000011ac   0x00000050   Code   RO          541    .text.prvDeleteTCB  tasks.o
    0x000011fc   0x000011fc   0x00000026   Code   RO          488    .text.prvGetHighestPriorityOfWaitToReceiveList  queue.o
    0x00001222   0x00001222   0x00000002   PAD
    0x00001224   0x00001224   0x00000040   Code   RO          755    .text.prvGetNextExpireTime  timers.o
    0x00001264   0x00001264   0x000000aa   Code   RO          406    .text.prvHeapInit   heap_4.o
    0x0000130e   0x0000130e   0x00000002   PAD
    0x00001310   0x00001310   0x0000003c   Code   RO          671    .text.prvIdleTask   tasks.o
    0x0000134c   0x0000134c   0x0000002c   Code   RO          452    .text.prvInitialiseMutex  queue.o
    0x00001378   0x00001378   0x00000048   Code   RO          444    .text.prvInitialiseNewQueue  queue.o
    0x000013c0   0x000013c0   0x00000108   Code   RO          667    .text.prvInitialiseNewTask  tasks.o
    0x000014c8   0x000014c8   0x0000008e   Code   RO          669    .text.prvInitialiseTaskLists  tasks.o
    0x00001556   0x00001556   0x00000002   PAD
    0x00001558   0x00001558   0x00000118   Code   RO          410    .text.prvInsertBlockIntoFreeList  heap_4.o
    0x00001670   0x00001670   0x00000086   Code   RO          769    .text.prvInsertTimerInActiveList  timers.o
    0x000016f6   0x000016f6   0x00000002   PAD
    0x000016f8   0x000016f8   0x00000028   Code   RO          486    .text.prvIsQueueEmpty  queue.o
    0x00001720   0x00001720   0x0000002e   Code   RO          474    .text.prvIsQueueFull  queue.o
    0x0000174e   0x0000174e   0x00000002   PAD
    0x00001750   0x00001750   0x00000028   Code   RO          382    .text.prvPortStartFirstTask  port.o
    0x00001778   0x00001778   0x00000054   Code   RO          763    .text.prvProcessExpiredTimer  timers.o
    0x000017cc   0x000017cc   0x0000017a   Code   RO          759    .text.prvProcessReceivedCommands  timers.o
    0x00001946   0x00001946   0x00000002   PAD
    0x00001948   0x00001948   0x0000009a   Code   RO          757    .text.prvProcessTimerOrBlockTask  timers.o
    0x000019e2   0x000019e2   0x00000002   PAD
    0x000019e4   0x000019e4   0x00000034   Code   RO          767    .text.prvReloadTimer  timers.o
    0x00001a18   0x00001a18   0x0000003c   Code   RO          539    .text.prvResetNextTaskUnblockTime  tasks.o
    0x00001a54   0x00001a54   0x00000044   Code   RO          761    .text.prvSampleTimeNow  timers.o
    0x00001a98   0x00001a98   0x000000ba   Code   RO           10    .text.prvSetupGPIOInterrupt  main.o
    0x00001b52   0x00001b52   0x00000002   PAD
    0x00001b54   0x00001b54   0x00000052   Code   RO          765    .text.prvSwitchTimerLists  timers.o
    0x00001ba6   0x00001ba6   0x00000002   PAD
    0x00001ba8   0x00001ba8   0x0000003e   Code   RO          370    .text.prvTaskExitError  port.o
    0x00001be6   0x00001be6   0x00000002   PAD
    0x00001be8   0x00001be8   0x0000001e   Code   RO          711    .text.prvTimerTask  timers.o
    0x00001c06   0x00001c06   0x00000002   PAD
    0x00001c08   0x00001c08   0x000000ae   Code   RO          476    .text.prvUnlockQueue  queue.o
    0x00001cb6   0x00001cb6   0x00000002   PAD
    0x00001cb8   0x00001cb8   0x000002b8   Code   RO          404    .text.pvPortMalloc  heap_4.o
    0x00001f70   0x00001f70   0x00000024   Code   RO          645    .text.pvTaskIncrementMutexHeldCount  tasks.o
    0x00001f94   0x00001f94   0x0000005e   Code   RO          368    .text.pxPortInitialiseStack  port.o
    0x00001ff2   0x00001ff2   0x00000002   PAD
    0x00001ff4   0x00001ff4   0x00000048   Code   RO          359    .text.uxListRemove  list.o
    0x0000203c   0x0000203c   0x0000000c   Code   RO          589    .text.uxTaskGetNumberOfTasks  tasks.o
    0x00002048   0x00002048   0x0000002a   Code   RO          661    .text.vApplicationGetIdleTaskMemory  tasks.o
    0x00002072   0x00002072   0x00000002   PAD
    0x00002074   0x00002074   0x0000002a   Code   RO          663    .text.vApplicationGetTimerTaskMemory  tasks.o
    0x0000209e   0x0000209e   0x00000002   PAD
    0x000020a0   0x000020a0   0x00000002   Code   RO          249    .text.vApplicationIdleHook  cmsis_os2.o
    0x000020a2   0x000020a2   0x00000002   PAD
    0x000020a4   0x000020a4   0x00000010   Code   RO          251    .text.vApplicationStackOverflowHook  cmsis_os2.o
    0x000020b4   0x000020b4   0x0000002e   Code   RO          351    .text.vListInitialise  list.o
    0x000020e2   0x000020e2   0x00000002   PAD
    0x000020e4   0x000020e4   0x0000000e   Code   RO          353    .text.vListInitialiseItem  list.o
    0x000020f2   0x000020f2   0x00000002   PAD
    0x000020f4   0x000020f4   0x0000006a   Code   RO          357    .text.vListInsert   list.o
    0x0000215e   0x0000215e   0x00000002   PAD
    0x00002160   0x00002160   0x00000014   Code   RO          380    .text.vPortEnableVFP  port.o
    0x00002174   0x00002174   0x00000048   Code   RO          386    .text.vPortEnterCritical  port.o
    0x000021bc   0x000021bc   0x0000003c   Code   RO          388    .text.vPortExitCritical  port.o
    0x000021f8   0x000021f8   0x000000de   Code   RO          408    .text.vPortFree     heap_4.o
    0x000022d6   0x000022d6   0x00000002   PAD
    0x000022d8   0x000022d8   0x00000044   Code   RO          378    .text.vPortSetupTimerInterrupt  port.o
    0x0000231c   0x0000231c   0x00000068   Code   RO          392    .text.vPortValidateInterruptPriority  port.o
    0x00002384   0x00002384   0x00000030   Code   RO          502    .text.vQueueDelete  queue.o
    0x000023b4   0x000023b4   0x00000064   Code   RO          518    .text.vQueueWaitForMessageRestricted  queue.o
    0x00002418   0x00002418   0x00000062   Code   RO          551    .text.vTaskDelay    tasks.o
    0x0000247a   0x0000247a   0x00000002   PAD
    0x0000247c   0x0000247c   0x00000024   Code   RO          615    .text.vTaskInternalSetTimeOutState  tasks.o
    0x000024a0   0x000024a0   0x0000000e   Code   RO          619    .text.vTaskMissedYield  tasks.o
    0x000024ae   0x000024ae   0x00000002   PAD
    0x000024b0   0x000024b0   0x00000034   Code   RO          603    .text.vTaskPlaceOnEventList  tasks.o
    0x000024e4   0x000024e4   0x00000072   Code   RO          607    .text.vTaskPlaceOnEventListRestricted  tasks.o
    0x00002556   0x00002556   0x00000002   PAD
    0x00002558   0x00002558   0x00000166   Code   RO          641    .text.vTaskPriorityDisinheritAfterTimeout  tasks.o
    0x000026be   0x000026be   0x00000002   PAD
    0x000026c0   0x000026c0   0x00000082   Code   RO          575    .text.vTaskStartScheduler  tasks.o
    0x00002742   0x00002742   0x00000002   PAD
    0x00002744   0x00002744   0x00000010   Code   RO          545    .text.vTaskSuspendAll  tasks.o
    0x00002754   0x00002754   0x00000138   Code   RO          567    .text.vTaskSwitchContext  tasks.o
    0x0000288c   0x0000288c   0x000001ac   Code   RO          374    .text.xPortStartScheduler  port.o
    0x00002a38   0x00002a38   0x0000003e   Code   RO          390    .text.xPortSysTickHandler  port.o
    0x00002a76   0x00002a76   0x00000002   PAD
    0x00002a78   0x00002a78   0x00000026   Code   RO          450    .text.xQueueCreateMutex  queue.o
    0x00002a9e   0x00002a9e   0x00000002   PAD
    0x00002aa0   0x00002aa0   0x00000032   Code   RO          454    .text.xQueueCreateMutexStatic  queue.o
    0x00002ad2   0x00002ad2   0x00000002   PAD
    0x00002ad4   0x00002ad4   0x00000094   Code   RO          448    .text.xQueueGenericCreate  queue.o
    0x00002b68   0x00002b68   0x0000009e   Code   RO          442    .text.xQueueGenericCreateStatic  queue.o
    0x00002c06   0x00002c06   0x00000002   PAD
    0x00002c08   0x00002c08   0x000000ec   Code   RO          440    .text.xQueueGenericReset  queue.o
    0x00002cf4   0x00002cf4   0x000001f4   Code   RO          462    .text.xQueueGenericSend  queue.o
    0x00002ee8   0x00002ee8   0x00000124   Code   RO          480    .text.xQueueGiveFromISR  queue.o
    0x0000300c   0x0000300c   0x000001b2   Code   RO          482    .text.xQueueReceive  queue.o
    0x000031be   0x000031be   0x00000002   PAD
    0x000031c0   0x000031c0   0x000001e6   Code   RO          466    .text.xQueueSemaphoreTake  queue.o
    0x000033a6   0x000033a6   0x00000002   PAD
    0x000033a8   0x000033a8   0x000000e0   Code   RO          617    .text.xTaskCheckForTimeOut  tasks.o
    0x00003488   0x00003488   0x00000052   Code   RO          533    .text.xTaskCreate   tasks.o
    0x000034da   0x000034da   0x00000002   PAD
    0x000034dc   0x000034dc   0x0000005c   Code   RO          527    .text.xTaskCreateStatic  tasks.o
    0x00003538   0x00003538   0x00000038   Code   RO          635    .text.xTaskGetSchedulerState  tasks.o
    0x00003570   0x00003570   0x00000014   Code   RO          585    .text.xTaskGetTickCount  tasks.o
    0x00003584   0x00003584   0x00000276   Code   RO          583    .text.xTaskIncrementTick  tasks.o
    0x000037fa   0x000037fa   0x00000002   PAD
    0x000037fc   0x000037fc   0x0000011e   Code   RO          639    .text.xTaskPriorityDisinherit  tasks.o
    0x0000391a   0x0000391a   0x00000002   PAD
    0x0000391c   0x0000391c   0x0000015c   Code   RO          637    .text.xTaskPriorityInherit  tasks.o
    0x00003a78   0x00003a78   0x000001a2   Code   RO          609    .text.xTaskRemoveFromEventList  tasks.o
    0x00003c1a   0x00003c1a   0x00000002   PAD
    0x00003c1c   0x00003c1c   0x00000248   Code   RO          549    .text.xTaskResumeAll  tasks.o
    0x00003e64   0x00003e64   0x00000086   Code   RO          707    .text.xTimerCreateTimerTask  timers.o
    0x00003eea   0x00003eea   0x0000001a   Code   RO          803    x$fpl$fpinit        fz_wm.l(fpinit.o)
    0x00003f04   0x00003f04   0x0000001b   Data   RO           21    .rodata.str1.1      main.o
    0x00003f1f   0x00003f1f   0x00000005   Data   RO          699    .rodata.str1.1      tasks.o
    0x00003f24   0x00003f24   0x00000008   Data   RO          772    .rodata.str1.1      timers.o
    0x00003f2c   0x00003f2c   0x00000004   Data   RO          690    .rodata.uxTopUsedPriority  tasks.o
    0x00003f30   0x00003f30   0x00000020   Data   RO         1137    Region$$Table       anon$$obj.o


    Execution Region ER_RW (Exec base: 0x20000000, Load base: 0x00003f50, Size: 0x00000008, Max: 0xffffffff, ABSOLUTE)

    Exec Addr    Load Addr    Size         Type   Attr      Idx    E Section Name        Object

    0x20000000   0x00003f50   0x00000004   Data   RW          303    .data.SystemCoreClock  system_tm4c123.o
    0x20000004   0x00003f54   0x00000004   Data   RW          396    .data.uxCriticalNesting  port.o


    Execution Region ER_ZI (Exec base: 0x20000008, Load base: 0x00003f58, Size: 0x00002ec8, Max: 0xffffffff, ABSOLUTE)

    Exec Addr    Load Addr    Size         Type   Attr      Idx    E Section Name        Object

    0x20000008        -       0x00000060   Zero   RW          999    .bss                c_w.l(libspace.o)
    0x20000068        -       0x00000004   Zero   RW           18    .bss.HandlerCounter  main.o
    0x2000006c        -       0x00000004   Zero   RW           19    .bss.PeriodicCounter  main.o
    0x20000070        -       0x00000190   Zero   RW           87    .bss.clib_mutex_cb  clib_os.o
    0x20000200        -       0x00000014   Zero   RW           86    .bss.clib_mutex_id  clib_os.o
    0x20000214        -       0x00000050   Zero   RW          780    .bss.prvCheckForValidListAndQueue.ucStaticTimerQueueStorage  timers.o
    0x20000264        -       0x00000050   Zero   RW          779    .bss.prvCheckForValidListAndQueue.xStaticTimerQueue  timers.o
    0x200002b4        -       0x00000004   Zero   RW          776    .bss.prvSampleTimeNow.xLastTime  timers.o
    0x200002b8        -       0x00000004   Zero   RW          673    .bss.pxCurrentTCB   tasks.o
    0x200002bc        -       0x00000004   Zero   RW          774    .bss.pxCurrentTimerList  timers.o
    0x200002c0        -       0x00000004   Zero   RW          681    .bss.pxDelayedTaskList  tasks.o
    0x200002c4        -       0x00000004   Zero   RW          426    .bss.pxEnd          heap_4.o
    0x200002c8        -       0x00000004   Zero   RW          682    .bss.pxOverflowDelayedTaskList  tasks.o
    0x200002cc        -       0x00000004   Zero   RW          775    .bss.pxOverflowTimerList  timers.o
    0x200002d0        -       0x00000460   Zero   RW          685    .bss.pxReadyTasksLists  tasks.o
    0x20000730        -       0x00002000   Zero   RW          429    .bss.ucHeap         heap_4.o
    0x20002730        -       0x00000001   Zero   RW          394    .bss.ucMaxSysCallPriority  port.o
    0x20002731   0x00003f58   0x00000003   PAD
    0x20002734        -       0x00000004   Zero   RW          395    .bss.ulMaxPRIGROUPValue  port.o
    0x20002738        -       0x00000004   Zero   RW          678    .bss.uxCurrentNumberOfTasks  tasks.o
    0x2000273c        -       0x00000004   Zero   RW          677    .bss.uxDeletedTasksWaitingCleanUp  tasks.o
    0x20002740        -       0x00000004   Zero   RW          679    .bss.uxSchedulerSuspended  tasks.o
    0x20002744        -       0x00000004   Zero   RW          674    .bss.uxTaskNumber   tasks.o
    0x20002748        -       0x00000004   Zero   RW          686    .bss.uxTopReadyPriority  tasks.o
    0x2000274c        -       0x00000200   Zero   RW          694    .bss.vApplicationGetIdleTaskMemory.uxIdleTaskStack  tasks.o
    0x2000294c        -       0x0000005c   Zero   RW          693    .bss.vApplicationGetIdleTaskMemory.xIdleTaskTCB  tasks.o
    0x200029a8        -       0x00000200   Zero   RW          696    .bss.vApplicationGetTimerTaskMemory.uxTimerTaskStack  tasks.o
    0x20002ba8        -       0x0000005c   Zero   RW          695    .bss.vApplicationGetTimerTaskMemory.xTimerTaskTCB  tasks.o
    0x20002c04        -       0x00000014   Zero   RW          777    .bss.xActiveTimerList1  timers.o
    0x20002c18        -       0x00000014   Zero   RW          778    .bss.xActiveTimerList2  timers.o
    0x20002c2c        -       0x00000014   Zero   RW          697    .bss.xDelayedTaskList1  tasks.o
    0x20002c40        -       0x00000014   Zero   RW          698    .bss.xDelayedTaskList2  tasks.o
    0x20002c54        -       0x00000004   Zero   RW          427    .bss.xFreeBytesRemaining  heap_4.o
    0x20002c58        -       0x00000004   Zero   RW          689    .bss.xIdleTaskHandles  tasks.o
    0x20002c5c        -       0x00000004   Zero   RW          430    .bss.xMinimumEverFreeBytesRemaining  heap_4.o
    0x20002c60        -       0x00000004   Zero   RW          688    .bss.xNextTaskUnblockTime  tasks.o
    0x20002c64        -       0x00000004   Zero   RW          692    .bss.xNumOfOverflows  tasks.o
    0x20002c68        -       0x00000004   Zero   RW          431    .bss.xNumberOfSuccessfulAllocations  heap_4.o
    0x20002c6c        -       0x00000004   Zero   RW          432    .bss.xNumberOfSuccessfulFrees  heap_4.o
    0x20002c70        -       0x00000004   Zero   RW          691    .bss.xPendedTicks   tasks.o
    0x20002c74        -       0x00000014   Zero   RW          683    .bss.xPendingReadyList  tasks.o
    0x20002c88        -       0x00000004   Zero   RW          675    .bss.xSchedulerRunning  tasks.o
    0x20002c8c        -       0x00000004   Zero   RW           20    .bss.xSemaphore     main.o
    0x20002c90        -       0x00000008   Zero   RW          428    .bss.xStart         heap_4.o
    0x20002c98        -       0x00000014   Zero   RW          684    .bss.xSuspendedTaskList  tasks.o
    0x20002cac        -       0x00000014   Zero   RW          676    .bss.xTasksWaitingTermination  tasks.o
    0x20002cc0        -       0x00000004   Zero   RW          680    .bss.xTickCount     tasks.o
    0x20002cc4        -       0x00000004   Zero   RW          771    .bss.xTimerQueue    timers.o
    0x20002cc8        -       0x00000004   Zero   RW          773    .bss.xTimerTaskHandle  timers.o
    0x20002ccc        -       0x00000004   Zero   RW          687    .bss.xYieldPendings  tasks.o
    0x20002cd0        -       0x00000000   Zero   RW          288    HEAP                startup_tm4c123.o
    0x20002cd0        -       0x00000200   Zero   RW          287    STACK               startup_tm4c123.o


==============================================================================

Image component sizes


      Code (inc. data)   RO Data    RW Data    ZI Data      Debug   Object Name

       422          0          0          0        420       4323   clib_os.o
        48          0          0          0          0      30006   cmsis_os2.o
      1368          0          0          0       8220       4839   heap_4.o
       238          0          0          0          0       2351   list.o
       596          0         27          0         12       9909   main.o
      1138         16          0          4          5       3732   port.o
      3174          0          0          0          0      15467   queue.o
        10          0          0          0          0       1694   retarget.o
       276         24        620          0        512       5476   startup_tm4c123.o
       268          0          0          4          0       6795   system_tm4c123.o
      5864          0          9          0       2488      27976   tasks.o
      1306         10          8          0        220      11481   timers.o

    ----------------------------------------------------------------------
     14810         50        696          8      11880     124049   Object Totals
         0          0         32          0          0          0   (incl. Generated)
       102          0          0          0          3          0   (incl. Padding)

    ----------------------------------------------------------------------

      Code (inc. data)   RO Data    RW Data    ZI Data      Debug   Library Member Name

         8          0          0          0          0         68   __main.o
         0          0          0          0          0          0   __rtentry.o
        20          0          0          0          0          0   __rtentry2.o
         6          0          0          0          0          0   __rtentry4.o
        52          8          0          0          0          0   __scatter.o
        26          0          0          0          0          0   __scatter_copy.o
        28          0          0          0          0          0   __scatter_zi.o
        16          0          0          0          0         68   aeabi_memset4.o
        18          0          0          0          0         80   exit.o
         6          0          0          0          0        152   heapauxi.o
         2          0          0          0          0          0   libinit.o
         6          0          0          0          0          0   libinit2.o
         2          0          0          0          0          0   libshutdown.o
         2          0          0          0          0          0   libshutdown2.o
         8          4          0          0         96         68   libspace.o
        68          0          0          0          0         68   rt_memclr.o
        78          0          0          0          0         80   rt_memclr_w.o
       138          0          0          0          0         68   rt_memcpy_v6.o
       100          0          0          0          0         80   rt_memcpy_w.o
         2          0          0          0          0          0   rtexit.o
        10          0          0          0          0          0   rtexit2.o
        74          0          0          0          0         80   sys_stackheap_outer.o
        26          0          0          0          0        116   fpinit.o

    ----------------------------------------------------------------------
       702         12          0          0         96        928   Library Totals
         6          0          0          0          0          0   (incl. Padding)

    ----------------------------------------------------------------------

      Code (inc. data)   RO Data    RW Data    ZI Data      Debug   Library Name

       670         12          0          0         96        812   c_w.l
        26          0          0          0          0        116   fz_wm.l

    ----------------------------------------------------------------------
       702         12          0          0         96        928   Library Totals

    ----------------------------------------------------------------------

==============================================================================


      Code (inc. data)   RO Data    RW Data    ZI Data      Debug   

     15512         62        696          8      11976     124465   Grand Totals
     15512         62        696          8      11976     124465   ELF Image Totals
     15512         62        696          8          0          0   ROM Totals

==============================================================================

    Total RO  Size (Code + RO Data)                16208 (  15.83kB)
    Total RW  Size (RW Data + ZI Data)             11984 (  11.70kB)
    Total ROM Size (Code + RO Data + RW Data)      16216 (  15.84kB)

==============================================================================

